Component: ARM Compiler 5.06 update 4 (build 422) Tool: armlink [4d35d2]

==============================================================================

Section Cross References

    audio_rec.o(i.DispStatus) refers to printfa.o(i.__0sprintf) for __2sprintf
    audio_rec.o(i.DispStatus) refers to strlen.o(.text) for strlen
    audio_rec.o(i.DispStatus) refers to bsp_tft_lcd.o(i.LCD_DispStr) for LCD_DispStr
    audio_rec.o(i.DispStatus) refers to audio_rec.o(.bss) for .bss
    audio_rec.o(i.DispStatus) refers to audio_rec.o(.data) for .data
    audio_rec.o(i.I2S_CODEC_DataTransfer) refers to stm32f10x_spi.o(i.SPI_I2S_ITConfig) for SPI_I2S_ITConfig
    audio_rec.o(i.I2S_CODEC_DataTransfer) refers to stm32f10x_spi.o(i.SPI_I2S_GetFlagStatus) for SPI_I2S_GetFlagStatus
    audio_rec.o(i.I2S_CODEC_DataTransfer) refers to stm32f10x_spi.o(i.SPI_I2S_ReceiveData) for SPI_I2S_ReceiveData
    audio_rec.o(i.I2S_CODEC_DataTransfer) refers to bsp_key.o(i.bsp_PutKey) for bsp_PutKey
    audio_rec.o(i.I2S_CODEC_DataTransfer) refers to stm32f10x_spi.o(i.SPI_I2S_GetITStatus) for SPI_I2S_GetITStatus
    audio_rec.o(i.I2S_CODEC_DataTransfer) refers to stm32f10x_spi.o(i.SPI_I2S_SendData) for SPI_I2S_SendData
    audio_rec.o(i.I2S_CODEC_DataTransfer) refers to audio_rec.o(.bss) for .bss
    audio_rec.o(i.RecorderDemo) refers to bsp_tft_lcd.o(i.LCD_ClrScr) for LCD_ClrScr
    audio_rec.o(i.RecorderDemo) refers to bsp_tft_lcd.o(i.LCD_DispStr) for LCD_DispStr
    audio_rec.o(i.RecorderDemo) refers to bsp_i2c_gpio.o(i.i2c_CheckDevice) for i2c_CheckDevice
    audio_rec.o(i.RecorderDemo) refers to printfa.o(i.__0sprintf) for __2sprintf
    audio_rec.o(i.RecorderDemo) refers to bsp_wm8978.o(i.wm8978_Init) for wm8978_Init
    audio_rec.o(i.RecorderDemo) refers to bsp_tft_lcd.o(i.LCD_DrawButton) for LCD_DrawButton
    audio_rec.o(i.RecorderDemo) refers to bsp_tft_lcd.o(i.LCD_DrawCheckBox) for LCD_DrawCheckBox
    audio_rec.o(i.RecorderDemo) refers to bsp_wm8978.o(i.I2S_CODEC_Init) for I2S_CODEC_Init
    audio_rec.o(i.RecorderDemo) refers to bsp_timer.o(i.bsp_DelayMS) for bsp_DelayMS
    audio_rec.o(i.RecorderDemo) refers to bsp.o(i.bsp_Idle) for bsp_Idle
    audio_rec.o(i.RecorderDemo) refers to audio_rec.o(i.DispStatus) for DispStatus
    audio_rec.o(i.RecorderDemo) refers to bsp_touch.o(i.TOUCH_GetKey) for TOUCH_GetKey
    audio_rec.o(i.RecorderDemo) refers to bsp_touch.o(i.TOUCH_InRect) for TOUCH_InRect
    audio_rec.o(i.RecorderDemo) refers to audio_rec.o(i.StartRecord) for StartRecord
    audio_rec.o(i.RecorderDemo) refers to bsp_tft_lcd.o(.data) for g_LcdWidth
    audio_rec.o(i.RecorderDemo) refers to audio_rec.o(.bss) for .bss
    audio_rec.o(i.RecorderDemo) refers to audio_rec.o(i.StartPlay) for StartPlay
    audio_rec.o(i.RecorderDemo) refers to bsp_key.o(i.bsp_GetKey) for bsp_GetKey
    audio_rec.o(i.RecorderDemo) refers to audio_rec.o(i.StopRec) for StopRec
    audio_rec.o(i.RecorderDemo) refers to bsp_wm8978.o(i.wm8978_SetEarVolume) for wm8978_SetEarVolume
    audio_rec.o(i.RecorderDemo) refers to bsp_wm8978.o(i.wm8978_SetSpkVolume) for wm8978_SetSpkVolume
    audio_rec.o(i.RecorderDemo) refers to bsp_wm8978.o(i.wm8978_SetMicGain) for wm8978_SetMicGain
    audio_rec.o(i.SPI2_IRQHandler) refers to audio_rec.o(i.I2S_CODEC_DataTransfer) for I2S_CODEC_DataTransfer
    audio_rec.o(i.StartPlay) refers to bsp_timer.o(i.bsp_DelayMS) for bsp_DelayMS
    audio_rec.o(i.StartPlay) refers to bsp_wm8978.o(i.wm8978_Init) for wm8978_Init
    audio_rec.o(i.StartPlay) refers to bsp_wm8978.o(i.I2S_Stop) for I2S_Stop
    audio_rec.o(i.StartPlay) refers to bsp_wm8978.o(i.wm8978_CfgAudioPath) for wm8978_CfgAudioPath
    audio_rec.o(i.StartPlay) refers to bsp_wm8978.o(i.wm8978_SetEarVolume) for wm8978_SetEarVolume
    audio_rec.o(i.StartPlay) refers to bsp_wm8978.o(i.wm8978_SetSpkVolume) for wm8978_SetSpkVolume
    audio_rec.o(i.StartPlay) refers to bsp_wm8978.o(i.wm8978_CfgAudioIF) for wm8978_CfgAudioIF
    audio_rec.o(i.StartPlay) refers to bsp_wm8978.o(i.I2S_StartPlay) for I2S_StartPlay
    audio_rec.o(i.StartPlay) refers to audio_rec.o(.bss) for .bss
    audio_rec.o(i.StartPlay) refers to audio_rec.o(.data) for .data
    audio_rec.o(i.StartRecord) refers to bsp_timer.o(i.bsp_DelayMS) for bsp_DelayMS
    audio_rec.o(i.StartRecord) refers to bsp_wm8978.o(i.wm8978_Init) for wm8978_Init
    audio_rec.o(i.StartRecord) refers to bsp_wm8978.o(i.I2S_Stop) for I2S_Stop
    audio_rec.o(i.StartRecord) refers to bsp_wm8978.o(i.wm8978_CfgAudioPath) for wm8978_CfgAudioPath
    audio_rec.o(i.StartRecord) refers to bsp_wm8978.o(i.wm8978_SetEarVolume) for wm8978_SetEarVolume
    audio_rec.o(i.StartRecord) refers to bsp_wm8978.o(i.wm8978_SetMicGain) for wm8978_SetMicGain
    audio_rec.o(i.StartRecord) refers to bsp_wm8978.o(i.wm8978_CfgAudioIF) for wm8978_CfgAudioIF
    audio_rec.o(i.StartRecord) refers to bsp_wm8978.o(i.I2S_StartRecord) for I2S_StartRecord
    audio_rec.o(i.StartRecord) refers to audio_rec.o(.bss) for .bss
[...]
    CBW                                      0x20003e74   Data          32  usb_bot.o(.bss)
    CSW                                      0x20003e94   Data          16  usb_bot.o(.bss)
    Device_Info                              0x20003ed4   Data          28  usb_init.o(.bss)
    __initial_sp                             0x2000bef0   Data           0  startup_stm32f10x_hd.o(STACK)



==============================================================================

Memory Map of the image

  Image Entry point : 0x08000131

  Load Region LR_IROM1 (Base: 0x08000000, Size: 0x00049650, Max: 0x00080000, ABSOLUTE, COMPRESSED[0x000491c4])

    Execution Region ER_IROM1 (Base: 0x08000000, Size: 0x00049000, Max: 0x00080000, ABSOLUTE)

    Base Addr    Size         Type   Attr      Idx    E Section Name        Object

    0x08000000   0x00000130   Data   RO         6492    RESET               startup_stm32f10x_hd.o
    0x08000130   0x00000000   Code   RO        12569  * .ARM.Collect$$$$00000000  mc_w.l(entry.o)
    0x08000130   0x00000004   Code   RO        12901    .ARM.Collect$$$$00000001  mc_w.l(entry2.o)
    0x08000134   0x00000004   Code   RO        12904    .ARM.Collect$$$$00000004  mc_w.l(entry5.o)
    0x08000138   0x00000000   Code   RO        12906    .ARM.Collect$$$$00000008  mc_w.l(entry7b.o)
    0x08000138   0x00000000   Code   RO        12908    .ARM.Collect$$$$0000000A  mc_w.l(entry8b.o)
    0x08000138   0x00000008   Code   RO        12909    .ARM.Collect$$$$0000000B  mc_w.l(entry9a.o)
    0x08000140   0x00000000   Code   RO        12911    .ARM.Collect$$$$0000000D  mc_w.l(entry10a.o)
    0x08000140   0x00000000   Code   RO        12913    .ARM.Collect$$$$0000000F  mc_w.l(entry11a.o)
    0x08000140   0x00000004   Code   RO        12902    .ARM.Collect$$$$00002712  mc_w.l(entry2.o)
    0x08000144   0x00000024   Code   RO         6493    .text               startup_stm32f10x_hd.o
    0x08000168   0x00000024   Code   RO        12574    .text               mc_w.l(memcpya.o)
    0x0800018c   0x00000024   Code   RO        12576    .text               mc_w.l(memseta.o)
    0x080001b0   0x0000000e   Code   RO        12582    .text               mc_w.l(strlen.o)
    0x080001be   0x0000001c   Code   RO        12584    .text               mc_w.l(strcmp.o)
    0x080001da   0x0000001a   Code   RO        12586    .text               mc_w.l(memcmp.o)
    0x080001f4   0x00000012   Code   RO        12588    .text               mc_w.l(strcpy.o)
    0x08000206   0x0000007c   Code   RO        12857    .text               mf_w.l(fdiv.o)
    0x08000282   0x00000018   Code   RO        12859    .text               mf_w.l(fscalb.o)
    0x0800029a   0x000000e4   Code   RO        12861    .text               mf_w.l(dmul.o)
    0x0800037e   0x000000de   Code   RO        12863    .text               mf_w.l(ddiv.o)
    0x0800045c   0x0000000a   Code   RO        12865    .text               mf_w.l(ffltui.o)
    0x08000466   0x00000026   Code   RO        12871    .text               mf_w.l(f2d.o)
    0x0800048c   0x0000002c   Code   RO        12916    .text               mc_w.l(uidiv.o)
    0x080004b8   0x00000062   Code   RO        12918    .text               mc_w.l(uldiv.o)
    0x0800051a   0x00000020   Code   RO        12920    .text               mc_w.l(llushr.o)
    0x0800053a   0x00000000   Code   RO        12929    .text               mc_w.l(iusefp.o)
    0x0800053a   0x0000006e   Code   RO        12930    .text               mf_w.l(fepilogue.o)
    0x080005a8   0x000000ba   Code   RO        12932    .text               mf_w.l(depilogue.o)
    0x08000662   0x0000014e   Code   RO        12934    .text               mf_w.l(dadd.o)
    0x080007b0   0x00000030   Code   RO        12936    .text               mf_w.l(dfixul.o)
    0x080007e0   0x00000030   Code   RO        12938    .text               mf_w.l(cdrcmple.o)
    0x08000810   0x00000024   Code   RO        12944    .text               mc_w.l(init.o)
    0x08000834   0x0000001e   Code   RO        12946    .text               mc_w.l(llshl.o)
    0x08000852   0x00000024   Code   RO        12948    .text               mc_w.l(llsshr.o)
    0x08000876   0x00000056   Code   RO        12962    .text               mc_w.l(__dczerorl2.o)
    0x080008cc   0x000000f4   Code   RO          756    i.ArrayIcon         main_menu.o
    0x080009c0   0x0000000a   Code   RO         1731    i.BEEP_KeyTone      bsp_beep.o
    0x080009ca   0x00000002   PAD
    0x080009cc   0x00000090   Code   RO         1732    i.BEEP_Pro          bsp_beep.o
    0x08000a5c   0x00000040   Code   RO         1733    i.BEEP_Start        bsp_beep.o
    0x08000a9c   0x0000002c   Code   RO         1734    i.BEEP_Stop         bsp_beep.o
    0x08000ac8   0x00000038   Code   RO         1776    i.BH1750_AdjustSensitivity  bsp_bh1750.o
    0x08000b00   0x00000034   Code   RO         1777    i.BH1750_ChageMode  bsp_bh1750.o
    0x08000b34   0x00000040   Code   RO         1778    i.BH1750_GetLux     bsp_bh1750.o
    0x08000b74   0x00000030   Code   RO         1779    i.BH1750_ReadData   bsp_bh1750.o
    0x08000ba4   0x00000024   Code   RO         1780    i.BH1750_WriteCmd   bsp_bh1750.o
    0x08000bc8   0x00000012   Code   RO         6775    i.BKP_DeInit        stm32f10x_bkp.o
    0x08000bda   0x00000002   PAD
    0x08000bdc   0x00000010   Code   RO         6780    i.BKP_ReadBackupRegister  stm32f10x_bkp.o
    0x08000bec   0x00000010   Code   RO         6784    i.BKP_WriteBackupRegister  stm32f10x_bkp.o
    0x08000bfc   0x0000004a   Code   RO         5878    i.BMP180_Read2Bytes  bsp_bmp180.o
    0x08000c46   0x00000002   PAD
    0x08000c48   0x00000140   Code   RO         5879    i.BMP180_ReadTempPress  bsp_bmp180.o
    0x08000d88   0x0000002c   Code   RO         5880    i.BMP180_WaitConvert  bsp_bmp180.o
    0x08000db4   0x00000030   Code   RO         5881    i.BMP180_WriteReg   bsp_bmp180.o
    0x08000de4   0x00000062   Code   RO         5268    i.BTE_SetTarBlock   lcd_ra8875.o
    0x08000e46   0x00000032   Code   RO        10779    i.Bot_Abort         usb_bot.o
    0x08000e78   0x00000002   Code   RO         5696    i.BusFault_Handler  stm32f10x_it.o
    0x08000e7a   0x0000000a   Code   RO        11877    i.ByteSwap          usb_regs.o
    0x08000e84   0x00000090   Code   RO         6875    i.CAN_Receive       stm32f10x_can.o
    0x08000f14   0x00000198   Code   RO        10780    i.CBW_Decode        usb_bot.o
    0x080010ac   0x0000004e   Code   RO        12276    i.CH376ByteRead     file_sys.o
    0x080010fa   0x00000016   Code   RO        12281    i.CH376DiskConnect  file_sys.o
    0x08001110   0x00000006   Code   RO        12282    i.CH376DiskMount    file_sys.o
    0x08001116   0x00000024   Code   RO        12289    i.CH376FileOpen     file_sys.o
    0x0800113a   0x0000004c   Code   RO        12290    i.CH376FileOpenDir  file_sys.o
    0x08001186   0x00000006   Code   RO        12291    i.CH376FileOpenPath  file_sys.o
    0x0800118c   0x00000016   Code   RO        12294    i.CH376GetIntStatus  file_sys.o
    0x080011a2   0x0000002c   Code   RO        12296    i.CH376ReadBlock    file_sys.o
    0x080011ce   0x00000012   Code   RO        12301    i.CH376SendCmdWaitInt  file_sys.o
    0x080011e0   0x00000036   Code   RO        12303    i.CH376SetFileName  file_sys.o
    0x08001216   0x00000036   Code   RO        12307    i.CH376WriteVar32   file_sys.o
    0x0800124c   0x00000034   Code   RO        12501    i.CH376_PORT_INIT   spi_sw.o
    0x08001280   0x00000080   Code   RO        11813    i.CTR_HP            usb_int.o
    0x08001300   0x0000015c   Code   RO        11814    i.CTR_LP            usb_int.o
    0x0800145c   0x00000014   Code   RO         4404    i.CalTwoPoint       bsp_touch.o
    0x08001470   0x00000028   Code   RO        11878    i.ClearDTOG_RX      usb_regs.o
    0x08001498   0x00000028   Code   RO        11879    i.ClearDTOG_TX      usb_regs.o
    0x080014c0   0x00000020   Code   RO        11884    i.Clear_Status_Out  usb_regs.o
    0x080014e0   0x000000e8   Code   RO         3457    i.CmdResp1Error     bsp_sdio_sd.o
    0x080015c8   0x00000034   Code   RO         3458    i.CmdResp2Error     bsp_sdio_sd.o
    0x080015fc   0x00000070   Code   RO         3459    i.CmdResp6Error     bsp_sdio_sd.o
    0x0800166c   0x00000028   Code   RO         4595    i.ComToUart         bsp_uart_fifo.o
    0x08001694   0x00000028   Code   RO         1871    i.DAC8501_SetCS1    bsp_dac8501.o
    0x080016bc   0x0000002c   Code   RO         1872    i.DAC8501_SetCS2    bsp_dac8501.o
    0x080016e8   0x0000003e   Code   RO         1873    i.DAC8501_SetDacData  bsp_dac8501.o
    0x08001726   0x00000002   PAD
    0x08001728   0x00000028   Code   RO         1925    i.DAC8562_SetCS     bsp_dac8562.o
    0x08001750   0x00000018   Code   RO         1926    i.DAC8562_SetDacData  bsp_dac8562.o
    0x08001768   0x0000002a   Code   RO         1928    i.DAC8562_WriteCmd  bsp_dac8562.o
    0x08001792   0x00000002   PAD
    0x08001794   0x00000108   Code   RO         1972    i.DHT11_ReadData    bsp_dht11.o
    0x0800189c   0x00000070   Code   RO        10261    i.DM9K_CtrlLinesConfig  dm9k_uip.o
    0x0800190c   0x0000004e   Code   RO        10262    i.DM9K_FSMCConfig   dm9k_uip.o
    0x0800195a   0x00000004   Code   RO         3460    i.DMA2_Channel4_5_IRQHandler  bsp_sdio_sd.o
    0x0800195e   0x00000002   PAD
    0x08001960   0x00000018   Code   RO         7288    i.DMA_ClearFlag     stm32f10x_dma.o
    0x08001978   0x00000016   Code   RO         7290    i.DMA_Cmd           stm32f10x_dma.o
    0x0800198e   0x00000010   Code   RO         7295    i.DMA_ITConfig      stm32f10x_dma.o
    0x0800199e   0x0000003a   Code   RO         7296    i.DMA_Init          stm32f10x_dma.o
    0x080019d8   0x000000b4   Code   RO        11652    i.DataStageIn       usb_core.o
    0x08001a8c   0x000000a4   Code   RO        11653    i.DataStageOut      usb_core.o
    0x08001b30   0x0000019c   Code   RO        11654    i.Data_Setup0       usb_core.o
    0x08001ccc   0x00000002   Code   RO         5697    i.DebugMon_Handler  stm32f10x_it.o
    0x08001cce   0x00000002   PAD
    0x08001cd0   0x000000a8   Code   RO          799    i.DispBMP180        mems_test.o
    0x08001d78   0x00000090   Code   RO          757    i.DispBackground    main_menu.o
    0x08001e08   0x0000006c   Code   RO          758    i.DispBottomBar     main_menu.o
    0x08001e74   0x00000068   Code   RO          800    i.DispButton        mems_test.o
    0x08001edc   0x000000a0   Code   RO          801    i.DispDHT11         mems_test.o
    0x08001f7c   0x00000064   Code   RO         1151    i.DispFormMP3       mp3_player.o
    0x08001fe0   0x000000f8   Code   RO          802    i.DispInitFace      mems_test.o
    0x080020d8   0x00000128   Code   RO          803    i.DispMPU6050       mems_test.o
    0x08002200   0x00000554   Code   RO         1064    i.DispPic           touch_test.o
    0x08002754   0x00000050   Code   RO          759    i.DispTopBar        main_menu.o
    0x080027a4   0x00000004   Code   RO        10859    i.EP1_IN_Callback   usb_endp.o
    0x080027a8   0x00000004   Code   RO        10860    i.EP2_OUT_Callback  usb_endp.o
    0x080027ac   0x00000026   Code   RO         3005    i.EXTI15_10_IRQHandler  bsp_ps2.o
    0x080027d2   0x00000002   PAD
    0x080027d4   0x0000000c   Code   RO         7368    i.EXTI_ClearFlag    stm32f10x_exti.o
    0x080027e0   0x0000000c   Code   RO         7369    i.EXTI_ClearITPendingBit  stm32f10x_exti.o
    0x080027ec   0x00000020   Code   RO         7373    i.EXTI_GetITStatus  stm32f10x_exti.o
    0x0800280c   0x00000070   Code   RO         7374    i.EXTI_Init         stm32f10x_exti.o
    0x0800287c   0x00000038   Code   RO         7616    i.FSMC_NANDCmd      stm32f10x_fsmc.o
    0x080028b4   0x00000068   Code   RO         7619    i.FSMC_NANDInit     stm32f10x_fsmc.o
    0x0800291c   0x00000020   Code   RO         2549    i.FSMC_NAND_EraseBlock  bsp_nand_flash.o
    0x0800293c   0x00000024   Code   RO         2550    i.FSMC_NAND_GetStatus  bsp_nand_flash.o
    0x08002960   0x000000a0   Code   RO         2551    i.FSMC_NAND_Init    bsp_nand_flash.o
    0x08002a00   0x000000f0   Code   RO         2552    i.FSMC_NAND_PageCopyBack  bsp_nand_flash.o
    0x08002af0   0x000000dc   Code   RO         2553    i.FSMC_NAND_PageCopyBackEx  bsp_nand_flash.o
    0x08002bcc   0x00000040   Code   RO         2554    i.FSMC_NAND_ReadData  bsp_nand_flash.o
    0x08002c0c   0x0000005c   Code   RO         2555    i.FSMC_NAND_ReadPage  bsp_nand_flash.o
    0x08002c68   0x00000044   Code   RO         2556    i.FSMC_NAND_ReadSpare  bsp_nand_flash.o
    0x08002cac   0x00000020   Code   RO         2557    i.FSMC_NAND_ReadStatus  bsp_nand_flash.o
    0x08002ccc   0x0000001c   Code   RO         2558    i.FSMC_NAND_Reset   bsp_nand_flash.o
    0x08002ce8   0x00000040   Code   RO         2559    i.FSMC_NAND_WriteData  bsp_nand_flash.o
    0x08002d28   0x0000011c   Code   RO         2560    i.FSMC_NAND_WritePage  bsp_nand_flash.o
    0x08002e44   0x00000044   Code   RO         2561    i.FSMC_NAND_WriteSpare  bsp_nand_flash.o
    0x08002e88   0x00000020   Code   RO         7621    i.FSMC_NORSRAMCmd   stm32f10x_fsmc.o
    0x08002ea8   0x000000c8   Code   RO         7623    i.FSMC_NORSRAMInit  stm32f10x_fsmc.o
    0x08002f70   0x00000034   Code   RO         6436    i.FT5X06_InitHard   bsp_ts_ft5x06.o
    0x08002fa4   0x00000014   Code   RO         6437    i.FT5X06_PenInt     bsp_ts_ft5x06.o
    0x08002fb8   0x0000001c   Code   RO         6438    i.FT5X06_ReadID     bsp_ts_ft5x06.o
    0x08002fd4   0x00000058   Code   RO         6439    i.FT5X06_ReadReg    bsp_ts_ft5x06.o
    0x0800302c   0x0000012c   Code   RO         6440    i.FT5X06_Scan       bsp_ts_ft5x06.o
    0x08003158   0x00000010   Code   RO         6441    i.FT5X06_Timer1ms   bsp_ts_ft5x06.o
    0x08003168   0x0000011c   Code   RO         1152    i.FillSongList      mp3_player.o
    0x08003284   0x00000138   Code   RO         3461    i.FindSCR           bsp_sdio_sd.o
    0x080033bc   0x00000028   Code   RO         7741    i.GPIO_EXTILineConfig  stm32f10x_gpio.o
    0x080033e4   0x000000a2   Code   RO         7744    i.GPIO_Init         stm32f10x_gpio.o
    0x08003486   0x0000000e   Code   RO         7748    i.GPIO_ReadInputDataBit  stm32f10x_gpio.o
    0x08003494   0x00000004   Code   RO         7751    i.GPIO_ResetBits    stm32f10x_gpio.o
    0x08003498   0x00000004   Code   RO         7752    i.GPIO_SetBits      stm32f10x_gpio.o
    0x0800349c   0x0000000a   Code   RO         7755    i.GPIO_WriteBit     stm32f10x_gpio.o
    0x080034a6   0x00000002   PAD
    0x080034a8   0x0000007c   Code   RO         2110    i.GT811_InitHard    bsp_gt811.o
    0x08003524   0x00000064   Code   RO         2111    i.GT811_ReadReg     bsp_gt811.o
    0x08003588   0x0000001e   Code   RO         2112    i.GT811_ReadVersion  bsp_gt811.o
    0x080035a6   0x00000002   PAD
    0x080035a8   0x00000140   Code   RO         2113    i.GT811_Scan        bsp_gt811.o
    0x080036e8   0x00000010   Code   RO         2114    i.GT811_Timer1ms    bsp_gt811.o
    0x080036f8   0x00000020   Code   RO        11896    i.GetEPRxAddr       usb_regs.o
    0x08003718   0x00000020   Code   RO        11897    i.GetEPRxCount      usb_regs.o
    0x08003738   0x0000001c   Code   RO        11899    i.GetEPTxAddr       usb_regs.o
    0x08003754   0x0000001c   Code   RO        11009    i.Get_Max_Lun       usb_prop.o
    0x08003770   0x00000034   Code   RO        10889    i.Get_SerialNum     usb_hw.o
    0x080037a4   0x000000e4   Code   RO         2161    i.HMC5883L_ReadData  bsp_hmc5883l.o
    0x08003888   0x00000020   Code   RO         5698    i.HardFault_Handler  stm32f10x_it.o
    0x080038a8   0x000000d0   Code   RO            4    i.I2S_CODEC_DataTransfer  audio_rec.o
    0x08003978   0x00000050   Code   RO         5141    i.ILI9488_ClrScr    lcd_ili9488.o
    0x080039c8   0x00000048   Code   RO         5144    i.ILI9488_DrawBMP   lcd_ili9488.o
    0x08003a10   0x000000c4   Code   RO         5145    i.ILI9488_DrawCircle  lcd_ili9488.o
    0x08003ad4   0x000000a2   Code   RO         5149    i.ILI9488_DrawLine  lcd_ili9488.o
    0x08003b76   0x00000052   Code   RO         5150    i.ILI9488_DrawRect  lcd_ili9488.o
    0x08003bc8   0x00000024   Code   RO         5151    i.ILI9488_FillRect  lcd_ili9488.o
    0x08003bec   0x00000026   Code   RO         5152    i.ILI9488_GetPixel  lcd_ili9488.o
    0x08003c12   0x00000002   PAD
    0x08003c14   0x00000064   Code   RO         5153    i.ILI9488_InitHard  lcd_ili9488.o
    0x08003c78   0x00000014   Code   RO         5154    i.ILI9488_PutPixel  lcd_ili9488.o
    0x08003c8c   0x00000020   Code   RO         5155    i.ILI9488_ReadID    lcd_ili9488.o
    0x08003cac   0x0000002c   Code   RO         5156    i.ILI9488_SetCursor  lcd_ili9488.o
    0x08003cd8   0x00000048   Code   RO         5157    i.ILI9488_SetDirection  lcd_ili9488.o
    0x08003d20   0x0000003c   Code   RO         5158    i.ILI9488_SetDispWin  lcd_ili9488.o
    0x08003d5c   0x0000010c   Code   RO         5925    i.IRD_DecodeNec     bsp_ir_decode.o
    0x08003e68   0x000000c4   Code   RO         5926    i.IRD_StartWork     bsp_ir_decode.o
    0x08003f2c   0x00000020   Code   RO         5927    i.IRD_StopWork      bsp_ir_decode.o
    0x08003f4c   0x0000005c   Code   RO        11655    i.In0_Process       usb_core.o
    0x08003fa8   0x00000184   Code   RO         1153    i.InitFormMP3       mp3_player.o
    0x0800412c   0x00000058   Code   RO         1065    i.InitFormTouch     touch_test.o
    0x08004184   0x000001cc   Code   RO         4596    i.InitHardUart      bsp_uart_fifo.o
    0x08004350   0x000002a4   Code   RO         5522    i.Init_5420_4001    lcd_spfd5420.o
    0x080045f4   0x000001d2   Code   RO         5523    i.Init_61509        lcd_spfd5420.o
    0x080047c6   0x00000002   PAD
    0x080047c8   0x00000130   Code   RO         5159    i.Init_9488         lcd_ili9488.o
    0x080048f8   0x00000038   Code   RO        10891    i.IntToUnicode      usb_hw.o
    0x08004930   0x0000002c   Code   RO         2276    i.IsKeyDown1        bsp_key.o
    0x0800495c   0x0000002c   Code   RO         2277    i.IsKeyDown10       bsp_key.o
    0x08004988   0x0000002c   Code   RO         2278    i.IsKeyDown2        bsp_key.o
    0x080049b4   0x0000002c   Code   RO         2279    i.IsKeyDown3        bsp_key.o
    0x080049e0   0x00000014   Code   RO         2280    i.IsKeyDown4        bsp_key.o
    0x080049f4   0x00000014   Code   RO         2281    i.IsKeyDown5        bsp_key.o
    0x08004a08   0x00000014   Code   RO         2282    i.IsKeyDown6        bsp_key.o
    0x08004a1c   0x00000014   Code   RO         2283    i.IsKeyDown7        bsp_key.o
    0x08004a30   0x00000014   Code   RO         2284    i.IsKeyDown8        bsp_key.o
    0x08004a44   0x0000002c   Code   RO         2285    i.IsKeyDown9        bsp_key.o
    0x08004a70   0x00000026   Code   RO         6339    i.Is_Leap_Year      bsp_cpu_rtc.o
    0x08004a96   0x00000002   PAD
    0x08004a98   0x00000024   Code   RO         3874    i.LCD_Blend565      bsp_tft_lcd.o
    0x08004abc   0x00000020   Code   RO         3877    i.LCD_ClrScr        bsp_tft_lcd.o
    0x08004adc   0x0000000e   Code   RO         3881    i.LCD_DispStr       bsp_tft_lcd.o
    0x08004aea   0x00000002   PAD
    0x08004aec   0x000001d4   Code   RO         3882    i.LCD_DispStrEx     bsp_tft_lcd.o
    0x08004cc0   0x00000030   Code   RO         3883    i.LCD_DrawBMP       bsp_tft_lcd.o
    0x08004cf0   0x000000e2   Code   RO         3885    i.LCD_DrawButton    bsp_tft_lcd.o
    0x08004dd2   0x00000002   PAD
    0x08004dd4   0x00000094   Code   RO         3886    i.LCD_DrawCheckBox  bsp_tft_lcd.o
    0x08004e68   0x00000028   Code   RO         3887    i.LCD_DrawCircle    bsp_tft_lcd.o
    0x08004e90   0x00000052   Code   RO         3889    i.LCD_DrawGroupBox  bsp_tft_lcd.o
    0x08004ee2   0x0000015e   Code   RO         3891    i.LCD_DrawIcon32    bsp_tft_lcd.o
    0x08005040   0x0000005c   Code   RO         3892    i.LCD_DrawLabel     bsp_tft_lcd.o
    0x0800509c   0x00000030   Code   RO         3895    i.LCD_DrawRect      bsp_tft_lcd.o
    0x080050cc   0x00000050   Code   RO         3897    i.LCD_FSMCConfig    bsp_tft_lcd.o
    0x0800511c   0x00000060   Code   RO         3898    i.LCD_Fill_Rect     bsp_tft_lcd.o
    0x0800517c   0x00000084   Code   RO         3900    i.LCD_GetChipDescribe  bsp_tft_lcd.o
    0x08005200   0x00000022   Code   RO         3901    i.LCD_GetFontHeight  bsp_tft_lcd.o
    0x08005222   0x00000022   Code   RO         3902    i.LCD_GetFontWidth  bsp_tft_lcd.o
    0x08005244   0x0000000c   Code   RO         3903    i.LCD_GetHeight     bsp_tft_lcd.o
    0x08005250   0x00000020   Code   RO         3904    i.LCD_GetPixel      bsp_tft_lcd.o
    0x08005270   0x00000070   Code   RO         3905    i.LCD_GetStrWidth   bsp_tft_lcd.o
    0x080052e0   0x0000000c   Code   RO         3906    i.LCD_GetWidth      bsp_tft_lcd.o
    0x080052ec   0x000000d8   Code   RO         3908    i.LCD_InitHard      bsp_tft_lcd.o
    0x080053c4   0x00000028   Code   RO         3909    i.LCD_PutPixel      bsp_tft_lcd.o
    0x080053ec   0x00000018   Code   RO         3910    i.LCD_SetBackLight  bsp_tft_lcd.o
    0x08005404   0x00000018   Code   RO         3911    i.LCD_SetDirection  bsp_tft_lcd.o
    0x0800541c   0x0000002c   Code   RO         3912    i.LCD_SetPwmBackLight  bsp_tft_lcd.o
    0x08005448   0x00000002   Code   RO        10893    i.Led_RW_OFF        usb_hw.o
    0x0800544a   0x00000002   Code   RO        10894    i.Led_RW_ON         usb_hw.o
    0x0800544c   0x00000084   Code   RO          941    i.LoadParam         param.o
    0x080054d0   0x00000058   Code   RO         4864    i.LoadUserPatch     bsp_vs1053b.o
    0x08005528   0x00000160   Code   RO        10629    i.MAL_GetStatus     mass_mal.o
    0x08005688   0x000000ac   Code   RO        10631    i.MAL_Read          mass_mal.o
    0x08005734   0x000000ac   Code   RO        10632    i.MAL_Write         mass_mal.o
    0x080057e0   0x00000040   Code   RO        11010    i.MASS_Data_Setup   usb_prop.o
    0x08005820   0x0000000c   Code   RO        11011    i.MASS_GetConfigDescriptor  usb_prop.o
    0x0800582c   0x0000000c   Code   RO        11012    i.MASS_GetDeviceDescriptor  usb_prop.o
    0x08005838   0x00000020   Code   RO        11013    i.MASS_GetStringDescriptor  usb_prop.o
    0x08005858   0x0000000a   Code   RO        11014    i.MASS_Get_Interface_Setting  usb_prop.o
    0x08005862   0x00000002   PAD
    0x08005864   0x00000050   Code   RO        11015    i.MASS_NoData_Setup  usb_prop.o
    0x080058b4   0x000000e8   Code   RO        11016    i.MASS_Reset        usb_prop.o
    0x0800599c   0x00000002   Code   RO        11017    i.MASS_Status_In    usb_prop.o
    0x0800599e   0x00000002   Code   RO        11018    i.MASS_Status_Out   usb_prop.o
    0x080059a0   0x00000024   Code   RO        11019    i.MASS_init         usb_prop.o
    0x080059c4   0x00000038   Code   RO         2452    i.MODBUS_ReciveNew  bsp_modbus.o
    0x080059fc   0x0000000c   Code   RO         2453    i.MODBUS_RxTimeOut  bsp_modbus.o
    0x08005a08   0x000000ac   Code   RO         6217    i.MOTO_ISR          bsp_step_moto.o
    0x08005ab4   0x00000020   Code   RO         6218    i.MOTO_Pause        bsp_step_moto.o
    0x08005ad4   0x000000d0   Code   RO         1154    i.MP3HardInit       mp3_player.o
    0x08005ba4   0x00000394   Code   RO         1155    i.MP3Player         mp3_player.o
    0x08005f38   0x000000c4   Code   RO         2506    i.MPU6050_ReadData  bsp_mpu6050.o
    0x08005ffc   0x00000030   Code   RO         2507    i.MPU6050_WriteByte  bsp_mpu6050.o
    0x0800602c   0x00000268   Code   RO          760    i.MainMenu          main_menu.o
    0x08006294   0x00000054   Code   RO        10781    i.Mass_Storage_In   usb_bot.o
    0x080062e8   0x00000060   Code   RO        10782    i.Mass_Storage_Out  usb_bot.o
    0x08006348   0x00000002   Code   RO         5699    i.MemManage_Handler  stm32f10x_it.o
    0x0800634a   0x00000002   PAD
    0x0800634c   0x0000006c   Code   RO         1156    i.Mp3DispStatus     mp3_player.o
    0x080063b8   0x00000020   Code   RO         2562    i.NAND_AddrToPhyBlockNo  bsp_nand_flash.o
    0x080063d8   0x00000098   Code   RO         2563    i.NAND_BuildLUT     bsp_nand_flash.o
    0x08006470   0x00000076   Code   RO         2568    i.NAND_Format       bsp_nand_flash.o
    0x080064e6   0x00000002   PAD
    0x080064e8   0x00000018   Code   RO         2569    i.NAND_FormatCapacity  bsp_nand_flash.o
    0x08006500   0x00000012   Code   RO         2571    i.NAND_Init         bsp_nand_flash.o
    0x08006512   0x00000038   Code   RO         2572    i.NAND_IsBadBlock   bsp_nand_flash.o
    0x0800654a   0x0000001a   Code   RO         2573    i.NAND_IsBufOk      bsp_nand_flash.o
    0x08006564   0x00000026   Code   RO         2574    i.NAND_IsFreeBlock  bsp_nand_flash.o
    0x0800658a   0x00000002   PAD
    0x0800658c   0x00000020   Code   RO         2575    i.NAND_LBNtoPBN     bsp_nand_flash.o
    0x080065ac   0x0000004c   Code   RO         2576    i.NAND_MarkBadBlock  bsp_nand_flash.o
    0x080065f8   0x0000001c   Code   RO         2577    i.NAND_MarkUsedBlock  bsp_nand_flash.o
    0x08006614   0x0000008c   Code   RO         2578    i.NAND_Read         bsp_nand_flash.o
    0x080066a0   0x00000020   Code   RO         2579    i.NAND_ReadID       bsp_nand_flash.o
    0x080066c0   0x000000b4   Code   RO         2580    i.NAND_ReadMultiSectors  bsp_nand_flash.o
    0x08006774   0x000000c8   Code   RO         2585    i.NAND_Write        bsp_nand_flash.o
    0x0800683c   0x000001dc   Code   RO         2586    i.NAND_WriteMultiSectors  bsp_nand_flash.o
    0x08006a18   0x000001b8   Code   RO         2587    i.NAND_WriteToNewBlock  bsp_nand_flash.o
    0x08006bd0   0x00000002   Code   RO         5700    i.NMI_Handler       stm32f10x_it.o
    0x08006bd2   0x00000002   Code   RO        11656    i.NOP_Process       usb_core.o
    0x08006bd4   0x00000040   Code   RO         2789    i.NOR_ReadID        bsp_nor_flash.o
    0x08006c14   0x00000064   Code   RO         6499    i.NVIC_Init         misc.o
    0x08006c78   0x00000014   Code   RO         6500    i.NVIC_PriorityGroupConfig  misc.o
    0x08006c8c   0x000000d4   Code   RO        11657    i.NoData_Setup0     usb_core.o
    0x08006d60   0x00000048   Code   RO        11658    i.Out0_Process      usb_core.o
    0x08006da8   0x00000020   Code   RO        11851    i.PMAToUserBufferCopy  usb_mem.o
    0x08006dc8   0x00000018   Code   RO         3007    i.PS2_ClearBuf      bsp_ps2.o
    0x08006de0   0x00000090   Code   RO         3008    i.PS2_DecodeMouse   bsp_ps2.o
    0x08006e70   0x0000008c   Code   RO         3009    i.PS2_GetDevceType  bsp_ps2.o
    0x08006efc   0x00000030   Code   RO         3010    i.PS2_GetMsg        bsp_ps2.o
    0x08006f2c   0x000000e8   Code   RO         3011    i.PS2_HookKeyboard  bsp_ps2.o
    0x08007014   0x0000014c   Code   RO         3012    i.PS2_ISR           bsp_ps2.o
    0x08007160   0x00000100   Code   RO         3013    i.PS2_InitKeyboard  bsp_ps2.o
    0x08007260   0x000000e4   Code   RO         3014    i.PS2_InitMouse     bsp_ps2.o
    0x08007344   0x0000000c   Code   RO         3015    i.PS2_IsMousePacket  bsp_ps2.o
    0x08007350   0x00000028   Code   RO         3016    i.PS2_PutMsg        bsp_ps2.o
    0x08007378   0x00000040   Code   RO         3017    i.PS2_SendCmd       bsp_ps2.o
    0x080073b8   0x00000050   Code   RO         3018    i.PS2_SetKeyboardLed  bsp_ps2.o
    0x08007408   0x00000074   Code   RO         3019    i.PS2_StartWork     bsp_ps2.o
    0x0800747c   0x00000024   Code   RO         3020    i.PS2_StopWork      bsp_ps2.o
    0x080074a0   0x000000c8   Code   RO         3021    i.PS2_Timer         bsp_ps2.o
    0x08007568   0x00000040   Code   RO         3022    i.PS2_WaitMsg       bsp_ps2.o
    0x080075a8   0x0000000c   Code   RO         8122    i.PWR_BackupAccessCmd  stm32f10x_pwr.o
    0x080075b4   0x00000002   Code   RO         5701    i.PendSV_Handler    stm32f10x_it.o
    0x080075b6   0x00000002   PAD
    0x080075b8   0x00000044   Code   RO        11659    i.Post0_Process     usb_core.o
    0x080075fc   0x0000002c   Code   RO        11125    i.PowerOn           usb_pwr.o
    0x08007628   0x00000544   Code   RO          479    i.PrintfHardInfo    hard_test.o
    0x08007b6c   0x00000194   Code   RO          661    i.PrintfLogo        main.o
    0x08007d00   0x00000018   Code   RO        12502    i.Query376Interrupt  spi_sw.o
    0x08007d18   0x00000054   Code   RO         5269    i.RA8875_ClrScr     lcd_ra8875.o
    0x08007d6c   0x00000058   Code   RO         3238    i.RA8875_ConfigGPIO  bsp_ra8875_port.o
    0x08007dc4   0x00000010   Code   RO         3239    i.RA8875_Delaly1ms  bsp_ra8875_port.o
    0x08007dd4   0x0000000c   Code   RO         3240    i.RA8875_Delaly1us  bsp_ra8875_port.o
    0x08007de0   0x000000c0   Code   RO         5272    i.RA8875_DispBmpInFlash  lcd_ra8875.o
    0x08007ea0   0x00000078   Code   RO         5275    i.RA8875_DispStr    lcd_ra8875.o
    0x08007f18   0x00000044   Code   RO         5276    i.RA8875_DrawBMP    lcd_ra8875.o
    0x08007f5c   0x00000070   Code   RO         5277    i.RA8875_DrawCircle  lcd_ra8875.o
    0x08007fcc   0x00000098   Code   RO         5279    i.RA8875_DrawRect   lcd_ra8875.o
    0x08008064   0x000000a0   Code   RO         5281    i.RA8875_FillRect   lcd_ra8875.o
    0x08008104   0x00000058   Code   RO         5282    i.RA8875_GetPixel   lcd_ra8875.o
    0x0800815c   0x00000064   Code   RO         3242    i.RA8875_HighSpeedSPI  bsp_ra8875_port.o
    0x080081c0   0x000001d4   Code   RO         5283    i.RA8875_InitHard   lcd_ra8875.o
    0x08008394   0x00000054   Code   RO         3243    i.RA8875_InitSPI    bsp_ra8875_port.o
    0x080083e8   0x00000010   Code   RO         5284    i.RA8875_IsBusy     lcd_ra8875.o
    0x080083f8   0x00000064   Code   RO         3244    i.RA8875_LowSpeedSPI  bsp_ra8875_port.o
    0x0800845c   0x00000090   Code   RO         5287    i.RA8875_PutPixel   lcd_ra8875.o
    0x080084ec   0x00000018   Code   RO         5289    i.RA8875_QuitWinMode  lcd_ra8875.o
    0x08008504   0x0000003c   Code   RO         3246    i.RA8875_ReadData   bsp_ra8875_port.o
    0x08008540   0x00000048   Code   RO         3247    i.RA8875_ReadData16  bsp_ra8875_port.o
    0x08008588   0x0000001c   Code   RO         5291    i.RA8875_ReadReg    lcd_ra8875.o
    0x080085a4   0x0000000e   Code   RO         5292    i.RA8875_ReadReg_Int  lcd_ra8875.o
    0x080085b2   0x00000002   PAD
    0x080085b4   0x0000003c   Code   RO         3248    i.RA8875_ReadStatus  bsp_ra8875_port.o
    0x080085f0   0x00000024   Code   RO         5293    i.RA8875_SetBackColor  lcd_ra8875.o
    0x08008614   0x00000028   Code   RO         5294    i.RA8875_SetBackLight  lcd_ra8875.o
    0x0800863c   0x00000058   Code   RO         5295    i.RA8875_SetCursor  lcd_ra8875.o
    0x08008694   0x00000070   Code   RO         5296    i.RA8875_SetDirection  lcd_ra8875.o
    0x08008704   0x00000078   Code   RO         5297    i.RA8875_SetDispWin  lcd_ra8875.o
    0x0800877c   0x0000002e   Code   RO         5298    i.RA8875_SetFont    lcd_ra8875.o
    0x080087aa   0x00000024   Code   RO         5299    i.RA8875_SetFrontColor  lcd_ra8875.o
    0x080087ce   0x00000002   PAD
    0x080087d0   0x0000003c   Code   RO         5300    i.RA8875_SetTextCursor  lcd_ra8875.o
    0x0800880c   0x00000020   Code   RO         5301    i.RA8875_SetTextZoom  lcd_ra8875.o
    0x0800882c   0x0000001e   Code   RO         5304    i.RA8875_TouchInit  lcd_ra8875.o
    0x0800884a   0x00000002   PAD
    0x0800884c   0x00000058   Code   RO         5305    i.RA8875_TouchReadX  lcd_ra8875.o
    0x080088a4   0x0000000c   Code   RO         5306    i.RA8875_TouchReadY  lcd_ra8875.o
    0x080088b0   0x0000000e   Code   RO         5307    i.RA8875_WaitBusy   lcd_ra8875.o
    0x080088be   0x00000002   PAD
    0x080088c0   0x00000038   Code   RO         3249    i.RA8875_WriteCmd   bsp_ra8875_port.o
    0x080088f8   0x00000038   Code   RO         3250    i.RA8875_WriteData  bsp_ra8875_port.o
    0x08008930   0x0000004c   Code   RO         3251    i.RA8875_WriteData16  bsp_ra8875_port.o
    0x0800897c   0x00000020   Code   RO         5308    i.RA8875_WriteReg   lcd_ra8875.o
    0x0800899c   0x00000018   Code   RO         8191    i.RCC_AHBPeriphClockCmd  stm32f10x_rcc.o
    0x080089b4   0x00000018   Code   RO         8192    i.RCC_APB1PeriphClockCmd  stm32f10x_rcc.o
    0x080089cc   0x00000018   Code   RO         8194    i.RCC_APB2PeriphClockCmd  stm32f10x_rcc.o
    0x080089e4   0x0000000c   Code   RO         8197    i.RCC_BackupResetCmd  stm32f10x_rcc.o
    0x080089f0   0x00000010   Code   RO         8198    i.RCC_ClearFlag     stm32f10x_rcc.o
    0x08008a00   0x00000090   Code   RO         8202    i.RCC_GetClocksFreq  stm32f10x_rcc.o
    0x08008a90   0x00000030   Code   RO         8203    i.RCC_GetFlagStatus  stm32f10x_rcc.o
    0x08008ac0   0x00000020   Code   RO         8210    i.RCC_LSEConfig     stm32f10x_rcc.o
    0x08008ae0   0x0000000c   Code   RO         8217    i.RCC_RTCCLKCmd     stm32f10x_rcc.o
    0x08008aec   0x00000010   Code   RO         8218    i.RCC_RTCCLKConfig  stm32f10x_rcc.o
    0x08008afc   0x0000002c   Code   RO         4597    i.RS485_InitTXE     bsp_uart_fifo.o
    0x08008b28   0x00000004   Code   RO         4598    i.RS485_ReciveNew   bsp_uart_fifo.o
    0x08008b2c   0x0000000c   Code   RO         4599    i.RS485_SendBefor   bsp_uart_fifo.o
    0x08008b38   0x0000000c   Code   RO         4601    i.RS485_SendOver    bsp_uart_fifo.o
    0x08008b44   0x0000007c   Code   RO         6340    i.RTC_CalcWeek      bsp_cpu_rtc.o
    0x08008bc0   0x00000010   Code   RO         8400    i.RTC_EnterConfigMode  stm32f10x_rtc.o
    0x08008bd0   0x00000010   Code   RO         8401    i.RTC_ExitConfigMode  stm32f10x_rtc.o
    0x08008be0   0x00000020   Code   RO         8402    i.RTC_GetCounter    stm32f10x_rtc.o
    0x08008c00   0x00000018   Code   RO         8406    i.RTC_ITConfig      stm32f10x_rtc.o
    0x08008c18   0x000000d4   Code   RO         6341    i.RTC_ReadClock     bsp_cpu_rtc.o
    0x08008cec   0x00000020   Code   RO         8408    i.RTC_SetCounter    stm32f10x_rtc.o
    0x08008d0c   0x00000020   Code   RO         8409    i.RTC_SetPrescaler  stm32f10x_rtc.o
    0x08008d2c   0x00000010   Code   RO         8410    i.RTC_WaitForLastTask  stm32f10x_rtc.o
    0x08008d3c   0x00000018   Code   RO         8411    i.RTC_WaitForSynchro  stm32f10x_rtc.o
    0x08008d54   0x000000c8   Code   RO         6342    i.RTC_WriteClock    bsp_cpu_rtc.o
    0x08008e1c   0x00000b74   Code   RO          372    i.RadioMain         fm_radio.o
    0x08009990   0x000000a8   Code   RO         1066    i.ReadFileDispPic   touch_test.o
    0x08009a38   0x000000c0   Code   RO        10674    i.Read_Memory       memory.o
    0x08009af8   0x00000074   Code   RO        11176    i.SCSI_Address_Management  usb_scsi.o
    0x08009b6c   0x0000003c   Code   RO        11177    i.SCSI_Format_Cmd   usb_scsi.o
    0x08009ba8   0x00000034   Code   RO        11178    i.SCSI_Inquiry_Cmd  usb_scsi.o
    0x08009bdc   0x00000034   Code   RO        11179    i.SCSI_Invalid_Cmd  usb_scsi.o
    0x08009c10   0x0000000c   Code   RO        11180    i.SCSI_ModeSense10_Cmd  usb_scsi.o
    0x08009c1c   0x0000000c   Code   RO        11181    i.SCSI_ModeSense6_Cmd  usb_scsi.o
    0x08009c28   0x00000068   Code   RO        11182    i.SCSI_Read10_Cmd   usb_scsi.o
    0x08009c90   0x00000070   Code   RO        11183    i.SCSI_ReadCapacity10_Cmd  usb_scsi.o
    0x08009d00   0x0000006c   Code   RO        11184    i.SCSI_ReadFormatCapacity_Cmd  usb_scsi.o
    0x08009d6c   0x00000018   Code   RO        11185    i.SCSI_RequestSense_Cmd  usb_scsi.o
    0x08009d84   0x00000008   Code   RO        11186    i.SCSI_Start_Stop_Unit_Cmd  usb_scsi.o
    0x08009d8c   0x00000038   Code   RO        11187    i.SCSI_TestUnitReady_Cmd  usb_scsi.o
    0x08009dc4   0x00000034   Code   RO        11189    i.SCSI_Verify10_Cmd  usb_scsi.o
    0x08009df8   0x00000064   Code   RO        11190    i.SCSI_Write10_Cmd  usb_scsi.o
    0x08009e5c   0x000000c0   Code   RO         3463    i.SDEnWideBus       bsp_sdio_sd.o
    0x08009f1c   0x0000000c   Code   RO         8496    i.SDIO_ClearFlag    stm32f10x_sdio.o
    0x08009f28   0x0000000c   Code   RO         8497    i.SDIO_ClearITPendingBit  stm32f10x_sdio.o
    0x08009f34   0x0000000c   Code   RO         8498    i.SDIO_ClockCmd     stm32f10x_sdio.o
    0x08009f40   0x0000000c   Code   RO         8501    i.SDIO_DMACmd       stm32f10x_sdio.o
    0x08009f4c   0x0000002c   Code   RO         8502    i.SDIO_DataConfig   stm32f10x_sdio.o
    0x08009f78   0x00000024   Code   RO         8504    i.SDIO_DeInit       stm32f10x_sdio.o
    0x08009f9c   0x0000000c   Code   RO         8505    i.SDIO_GetCommandResponse  stm32f10x_sdio.o
    0x08009fa8   0x00000014   Code   RO         8508    i.SDIO_GetFlagStatus  stm32f10x_sdio.o
    0x08009fbc   0x00000014   Code   RO         8509    i.SDIO_GetITStatus  stm32f10x_sdio.o
    0x08009fd0   0x00000010   Code   RO         8510    i.SDIO_GetPowerState  stm32f10x_sdio.o
    0x08009fe0   0x00000010   Code   RO         8511    i.SDIO_GetResponse  stm32f10x_sdio.o
    0x08009ff0   0x00000004   Code   RO         3464    i.SDIO_IRQHandler   bsp_sdio_sd.o
    0x08009ff4   0x00000018   Code   RO         8512    i.SDIO_ITConfig     stm32f10x_sdio.o
    0x0800a00c   0x0000002c   Code   RO         8513    i.SDIO_Init         stm32f10x_sdio.o
    0x0800a038   0x0000000c   Code   RO         8514    i.SDIO_ReadData     stm32f10x_sdio.o
    0x0800a044   0x00000028   Code   RO         8516    i.SDIO_SendCommand  stm32f10x_sdio.o
    0x0800a06c   0x0000000c   Code   RO         8518    i.SDIO_SetPowerState  stm32f10x_sdio.o
    0x0800a078   0x00000024   Code   RO         3467    i.SD_Detect         bsp_sdio_sd.o
    0x0800a09c   0x00000074   Code   RO         3468    i.SD_EnableWideBusOperation  bsp_sdio_sd.o
    0x0800a110   0x00000264   Code   RO         3470    i.SD_GetCardInfo    bsp_sdio_sd.o
    0x0800a374   0x00000022   Code   RO         3472    i.SD_GetState       bsp_sdio_sd.o
    0x0800a396   0x0000001a   Code   RO         3473    i.SD_GetStatus      bsp_sdio_sd.o
    0x0800a3b0   0x000000a8   Code   RO         3475    i.SD_Init           bsp_sdio_sd.o
    0x0800a458   0x000000fc   Code   RO         3476    i.SD_InitializeCards  bsp_sdio_sd.o
    0x0800a554   0x00000068   Code   RO         3477    i.SD_LowLevel_DMA_RxConfig  bsp_sdio_sd.o
    0x0800a5bc   0x00000068   Code   RO         3478    i.SD_LowLevel_DMA_TxConfig  bsp_sdio_sd.o
    0x0800a624   0x00000064   Code   RO         3480    i.SD_LowLevel_Init  bsp_sdio_sd.o
    0x0800a688   0x000001e4   Code   RO         3482    i.SD_PowerON        bsp_sdio_sd.o
    0x0800a86c   0x00000028   Code   RO         3483    i.SD_ProcessDMAIRQ  bsp_sdio_sd.o
    0x0800a894   0x00000090   Code   RO         3484    i.SD_ProcessIRQSrc  bsp_sdio_sd.o
    0x0800a924   0x000000b8   Code   RO         3485    i.SD_ReadBlock      bsp_sdio_sd.o
    0x0800a9dc   0x000000c4   Code   RO         3486    i.SD_ReadMultiBlocks  bsp_sdio_sd.o
    0x0800aaa0   0x0000002c   Code   RO         3487    i.SD_SelectDeselect  bsp_sdio_sd.o
    0x0800aacc   0x00000048   Code   RO         3489    i.SD_SendStatus     bsp_sdio_sd.o
    0x0800ab14   0x00000028   Code   RO         3490    i.SD_StopTransfer   bsp_sdio_sd.o
    0x0800ab3c   0x00000064   Code   RO         3491    i.SD_WaitReadOperation  bsp_sdio_sd.o
    0x0800aba0   0x00000064   Code   RO         3492    i.SD_WaitWriteOperation  bsp_sdio_sd.o
    0x0800ac04   0x000000b4   Code   RO         3493    i.SD_WriteBlock     bsp_sdio_sd.o
    0x0800acb8   0x0000010c   Code   RO         3494    i.SD_WriteMultiBlocks  bsp_sdio_sd.o
    0x0800adc4   0x0000000a   Code   RO         5970    i.SI4704_SetFMIntput  bsp_si4730.o
    0x0800adce   0x0000000c   Code   RO         5971    i.SI4730_Delay      bsp_si4730.o
    0x0800adda   0x00000046   Code   RO         5972    i.SI4730_GetAMSignalQuality  bsp_si4730.o
    0x0800ae20   0x00000046   Code   RO         5973    i.SI4730_GetAMTuneStatus  bsp_si4730.o
    0x0800ae66   0x00000002   PAD
    0x0800ae68   0x0000004a   Code   RO         5974    i.SI4730_GetFMSignalQuality  bsp_si4730.o
    0x0800aeb2   0x00000046   Code   RO         5975    i.SI4730_GetFMTuneStatus  bsp_si4730.o
    0x0800aef8   0x0000003e   Code   RO         5976    i.SI4730_GetRevision  bsp_si4730.o
    0x0800af36   0x00000022   Code   RO         5977    i.SI4730_PowerDown  bsp_si4730.o
    0x0800af58   0x00000066   Code   RO         5978    i.SI4730_PowerUp_AM_Revice  bsp_si4730.o
    0x0800afbe   0x0000002e   Code   RO         5979    i.SI4730_PowerUp_FM_Revice  bsp_si4730.o
    0x0800afec   0x0000003e   Code   RO         5980    i.SI4730_SendCmd    bsp_si4730.o
    0x0800b02a   0x00000088   Code   RO         5981    i.SI4730_SetAMFreq  bsp_si4730.o
    0x0800b0b2   0x00000002   PAD
    0x0800b0b4   0x00000088   Code   RO         5983    i.SI4730_SetFMFreq  bsp_si4730.o
    0x0800b13c   0x00000010   Code   RO         5984    i.SI4730_SetOutVolume  bsp_si4730.o
    0x0800b14c   0x00000044   Code   RO         5985    i.SI4730_SetProperty  bsp_si4730.o
    0x0800b190   0x00000054   Code   RO         5986    i.SI4730_WaitStatus80  bsp_si4730.o
    0x0800b1e4   0x0000003c   Code   RO         5524    i.SPFD5420_ClrScr   lcd_spfd5420.o
    0x0800b220   0x00000010   Code   RO         5525    i.SPFD5420_Delaly10ms  lcd_spfd5420.o
    0x0800b230   0x00000048   Code   RO         5528    i.SPFD5420_DrawBMP  lcd_spfd5420.o
    0x0800b278   0x000000c4   Code   RO         5529    i.SPFD5420_DrawCircle  lcd_spfd5420.o
    0x0800b33c   0x00000044   Code   RO         5531    i.SPFD5420_DrawHLine  lcd_spfd5420.o
    0x0800b380   0x000000a2   Code   RO         5533    i.SPFD5420_DrawLine  lcd_spfd5420.o
    0x0800b422   0x00000052   Code   RO         5534    i.SPFD5420_DrawRect  lcd_spfd5420.o
    0x0800b474   0x00000038   Code   RO         5535    i.SPFD5420_GetPixel  lcd_spfd5420.o
    0x0800b4ac   0x000000b8   Code   RO         5536    i.SPFD5420_InitHard  lcd_spfd5420.o
    0x0800b564   0x0000001c   Code   RO         5537    i.SPFD5420_PutPixel  lcd_spfd5420.o
    0x0800b580   0x00000006   Code   RO         5538    i.SPFD5420_ReadID   lcd_spfd5420.o
    0x0800b586   0x00000002   PAD
    0x0800b588   0x00000018   Code   RO         5539    i.SPFD5420_ReadReg  lcd_spfd5420.o
    0x0800b5a0   0x00000020   Code   RO         5540    i.SPFD5420_SetCursor  lcd_spfd5420.o
    0x0800b5c0   0x00000050   Code   RO         5541    i.SPFD5420_SetDispWin  lcd_spfd5420.o
    0x0800b610   0x00000018   Code   RO         5542    i.SPFD5420_WriteReg  lcd_spfd5420.o
    0x0800b628   0x00000004   Code   RO            6    i.SPI2_IRQHandler   audio_rec.o
    0x0800b62c   0x00000014   Code   RO         8694    i.SPI_Cmd           stm32f10x_spi.o
    0x0800b640   0x0000000e   Code   RO         8702    i.SPI_I2S_GetFlagStatus  stm32f10x_spi.o
    0x0800b64e   0x0000002a   Code   RO         8703    i.SPI_I2S_GetITStatus  stm32f10x_spi.o
    0x0800b678   0x00000018   Code   RO         8704    i.SPI_I2S_ITConfig  stm32f10x_spi.o
    0x0800b690   0x00000004   Code   RO         8705    i.SPI_I2S_ReceiveData  stm32f10x_spi.o
    0x0800b694   0x00000004   Code   RO         8706    i.SPI_I2S_SendData  stm32f10x_spi.o
    0x0800b698   0x00000038   Code   RO         8707    i.SPI_Init          stm32f10x_spi.o
    0x0800b6d0   0x00000034   Code   RO         3252    i.SPI_ShiftByte     bsp_ra8875_port.o
    0x0800b704   0x00000002   Code   RO         5702    i.SVC_Handler       stm32f10x_it.o
    0x0800b706   0x00000002   PAD
    0x0800b708   0x00000010   Code   RO          942    i.SaveParam         param.o
    0x0800b718   0x000001e8   Code   RO          337    i.SaveScreenToBmp   bmp_file.o
    0x0800b900   0x00000010   Code   RO        11907    i.SetBTABLE         usb_regs.o
    0x0800b910   0x00000048   Code   RO        11660    i.SetDeviceAddress  usb_core.o
    0x0800b958   0x00000020   Code   RO        11921    i.SetEPRxAddr       usb_regs.o
    0x0800b978   0x00000040   Code   RO        11922    i.SetEPRxCount      usb_regs.o
    0x0800b9b8   0x00000030   Code   RO        11923    i.SetEPRxStatus     usb_regs.o
    0x0800b9e8   0x00000024   Code   RO        11924    i.SetEPRxValid      usb_regs.o
    0x0800ba0c   0x00000020   Code   RO        11925    i.SetEPTxAddr       usb_regs.o
    0x0800ba2c   0x0000001c   Code   RO        11926    i.SetEPTxCount      usb_regs.o
    0x0800ba48   0x00000030   Code   RO        11927    i.SetEPTxStatus     usb_regs.o
    0x0800ba78   0x0000001c   Code   RO        11929    i.SetEPType         usb_regs.o
    0x0800ba94   0x000000a8   Code   RO         9632    i.SetSysClockTo72   system_stm32f10x.o
    0x0800bb3c   0x0000003c   Code   RO        10783    i.Set_CSW           usb_bot.o
    0x0800bb78   0x0000000c   Code   RO        11191    i.Set_Scsi_Sense_Data  usb_scsi.o
    0x0800bb84   0x00000068   Code   RO        11661    i.Setup0_Process    usb_core.o
    0x0800bbec   0x000000fc   Code   RO        11662    i.Standard_ClearFeature  usb_core.o
    0x0800bce8   0x00000028   Code   RO        11663    i.Standard_GetConfiguration  usb_core.o
    0x0800bd10   0x0000001c   Code   RO        11664    i.Standard_GetDescriptorData  usb_core.o
    0x0800bd2c   0x00000028   Code   RO        11665    i.Standard_GetInterface  usb_core.o
    0x0800bd54   0x00000094   Code   RO        11666    i.Standard_GetStatus  usb_core.o
    0x0800bde8   0x00000038   Code   RO        11667    i.Standard_SetConfiguration  usb_core.o
    0x0800be20   0x00000024   Code   RO        11668    i.Standard_SetDeviceFeature  usb_core.o
    0x0800be44   0x00000088   Code   RO        11669    i.Standard_SetEndPointFeature  usb_core.o
    0x0800becc   0x00000048   Code   RO        11670    i.Standard_SetInterface  usb_core.o
    0x0800bf14   0x00000004   Code   RO         4184    i.SysTick_Handler   bsp_timer.o
    0x0800bf18   0x00000078   Code   RO         4185    i.SysTick_ISR       bsp_timer.o
    0x0800bf90   0x00000050   Code   RO         9634    i.SystemInit        system_stm32f10x.o
    0x0800bfe0   0x0000006c   Code   RO         8841    i.TI1_Config        stm32f10x_tim.o
    0x0800c04c   0x0000007c   Code   RO         8842    i.TI2_Config        stm32f10x_tim.o
    0x0800c0c8   0x00000094   Code   RO         4186    i.TIM2_IRQHandler   bsp_timer.o
    0x0800c15c   0x000000e8   Code   RO         5928    i.TIM3_IRQHandler   bsp_ir_decode.o
    0x0800c244   0x0000007c   Code   RO         1282    i.TIM4_IRQHandler   form_dac8501.o
    0x0800c2c0   0x00000028   Code   RO         6223    i.TIM6_IRQHandler   bsp_step_moto.o
    0x0800c2e8   0x0000007c   Code   RO         1331    i.TIM7_IRQHandler   form_dac8562.o
    0x0800c364   0x00000014   Code   RO         8843    i.TIM_ARRPreloadConfig  stm32f10x_tim.o
    0x0800c378   0x00000006   Code   RO         8850    i.TIM_ClearITPendingBit  stm32f10x_tim.o
    0x0800c37e   0x00000014   Code   RO         8855    i.TIM_Cmd           stm32f10x_tim.o
    0x0800c392   0x00000016   Code   RO         8857    i.TIM_CtrlPWMOutputs  stm32f10x_tim.o
    0x0800c3a8   0x00000004   Code   RO         8872    i.TIM_GetCapture3   stm32f10x_tim.o
    0x0800c3ac   0x00000004   Code   RO         8874    i.TIM_GetCounter    stm32f10x_tim.o
    0x0800c3b0   0x00000018   Code   RO         8876    i.TIM_GetITStatus   stm32f10x_tim.o
    0x0800c3c8   0x0000012c   Code   RO         8878    i.TIM_ICInit        stm32f10x_tim.o
    0x0800c4f4   0x00000010   Code   RO         8880    i.TIM_ITConfig      stm32f10x_tim.o
    0x0800c504   0x00000080   Code   RO         8884    i.TIM_OC1Init       stm32f10x_tim.o
    0x0800c584   0x0000000c   Code   RO         8887    i.TIM_OC1PreloadConfig  stm32f10x_tim.o
    0x0800c590   0x00000080   Code   RO         8889    i.TIM_OC2Init       stm32f10x_tim.o
    0x0800c610   0x00000014   Code   RO         8892    i.TIM_OC2PreloadConfig  stm32f10x_tim.o
    0x0800c624   0x0000007c   Code   RO         8894    i.TIM_OC3Init       stm32f10x_tim.o
    0x0800c6a0   0x0000000c   Code   RO         8897    i.TIM_OC3PreloadConfig  stm32f10x_tim.o
    0x0800c6ac   0x00000064   Code   RO         8899    i.TIM_OC4Init       stm32f10x_tim.o
    0x0800c710   0x00000014   Code   RO         8901    i.TIM_OC4PreloadConfig  stm32f10x_tim.o
    0x0800c724   0x00000014   Code   RO         8902    i.TIM_OCStructInit  stm32f10x_tim.o
    0x0800c738   0x00000004   Code   RO         8916    i.TIM_SetCompare1   stm32f10x_tim.o
    0x0800c73c   0x00000004   Code   RO         8917    i.TIM_SetCompare2   stm32f10x_tim.o
    0x0800c740   0x00000004   Code   RO         8918    i.TIM_SetCompare3   stm32f10x_tim.o
    0x0800c744   0x00000006   Code   RO         8919    i.TIM_SetCompare4   stm32f10x_tim.o
    0x0800c74a   0x00000010   Code   RO         8921    i.TIM_SetIC1Prescaler  stm32f10x_tim.o
    0x0800c75a   0x00000018   Code   RO         8922    i.TIM_SetIC2Prescaler  stm32f10x_tim.o
    0x0800c772   0x00000010   Code   RO         8923    i.TIM_SetIC3Prescaler  stm32f10x_tim.o
    0x0800c782   0x00000018   Code   RO         8924    i.TIM_SetIC4Prescaler  stm32f10x_tim.o
    0x0800c79a   0x00000002   PAD
    0x0800c79c   0x0000009c   Code   RO         8926    i.TIM_TimeBaseInit  stm32f10x_tim.o
    0x0800c838   0x00000008   Code   RO         4405    i.TOUCH_Abs         bsp_touch.o
    0x0800c840   0x00000114   Code   RO         4406    i.TOUCH_Calibration  bsp_touch.o
    0x0800c954   0x00000024   Code   RO         4407    i.TOUCH_CapScan     bsp_touch.o
    0x0800c978   0x0000001c   Code   RO         4408    i.TOUCH_CelarFIFO   bsp_touch.o
    0x0800c994   0x0000005c   Code   RO         4409    i.TOUCH_DataFilter  bsp_touch.o
    0x0800c9f0   0x000000f8   Code   RO         4410    i.TOUCH_DispPoint   bsp_touch.o
    0x0800cae8   0x00000050   Code   RO         4411    i.TOUCH_GetKey      bsp_touch.o
    0x0800cb38   0x00000016   Code   RO         4412    i.TOUCH_GetX        bsp_touch.o
    0x0800cb4e   0x00000016   Code   RO         4413    i.TOUCH_GetY        bsp_touch.o
    0x0800cb64   0x00000022   Code   RO         4414    i.TOUCH_InRect      bsp_touch.o
    0x0800cb86   0x00000002   PAD
    0x0800cb88   0x00000084   Code   RO         4415    i.TOUCH_InitHard    bsp_touch.o
    0x0800cc0c   0x00000058   Code   RO         4416    i.TOUCH_LoadParam   bsp_touch.o
    0x0800cc64   0x00000038   Code   RO         4417    i.TOUCH_MoveValid   bsp_touch.o
    0x0800cc9c   0x00000024   Code   RO         4418    i.TOUCH_PressValid  bsp_touch.o
    0x0800ccc0   0x0000013c   Code   RO         4419    i.TOUCH_PutKey      bsp_touch.o
    0x0800cdfc   0x00000018   Code   RO         4420    i.TOUCH_ReadAdcX    bsp_touch.o
    0x0800ce14   0x00000018   Code   RO         4421    i.TOUCH_ReadAdcY    bsp_touch.o
    0x0800ce2c   0x00000060   Code   RO         4422    i.TOUCH_SaveParam   bsp_touch.o
    0x0800ce8c   0x00000130   Code   RO         4423    i.TOUCH_Scan        bsp_touch.o
    0x0800cfbc   0x00000034   Code   RO         4424    i.TOUCH_TransX      bsp_touch.o
    0x0800cff0   0x00000034   Code   RO         4425    i.TOUCH_TransY      bsp_touch.o
    0x0800d024   0x0000002a   Code   RO         4426    i.TOUCH_WaitRelease  bsp_touch.o
    0x0800d04e   0x00000002   PAD
    0x0800d050   0x00000044   Code   RO         4552    i.TSC2046_InitHard  bsp_tsc2046.o
    0x0800d094   0x00000018   Code   RO         4553    i.TSC2046_PenInt    bsp_tsc2046.o
    0x0800d0ac   0x00000036   Code   RO         4554    i.TSC2046_ReadAdc   bsp_tsc2046.o
    0x0800d0e2   0x00000002   PAD
    0x0800d0e4   0x0000002c   Code   RO         4555    i.TSC2046_SetCS     bsp_tsc2046.o
    0x0800d110   0x0000015c   Code   RO          804    i.TestMems          mems_test.o
    0x0800d26c   0x00000950   Code   RO         1067    i.TestTouch         touch_test.o
    0x0800dbbc   0x00000034   Code   RO        10784    i.Transfer_Data_Request  usb_bot.o
    0x0800dbf0   0x0000000c   Code   RO         4604    i.USART1_IRQHandler  bsp_uart_fifo.o
    0x0800dbfc   0x0000000c   Code   RO         4605    i.USART2_IRQHandler  bsp_uart_fifo.o
    0x0800dc08   0x0000000c   Code   RO         4606    i.USART3_IRQHandler  bsp_uart_fifo.o
    0x0800dc14   0x00000006   Code   RO         9382    i.USART_ClearFlag   stm32f10x_usart.o
    0x0800dc1a   0x00000014   Code   RO         9386    i.USART_Cmd         stm32f10x_usart.o
    0x0800dc2e   0x0000003e   Code   RO         9390    i.USART_GetITStatus  stm32f10x_usart.o
    0x0800dc6c   0x00000030   Code   RO         9392    i.USART_ITConfig    stm32f10x_usart.o
    0x0800dc9c   0x000000ac   Code   RO         9393    i.USART_Init        stm32f10x_usart.o
    0x0800dd48   0x00000008   Code   RO         9400    i.USART_ReceiveData  stm32f10x_usart.o
    0x0800dd50   0x00000008   Code   RO         9403    i.USART_SendData    stm32f10x_usart.o
    0x0800dd58   0x00000018   Code   RO        10896    i.USB_Cable_Config  usb_hw.o
    0x0800dd70   0x00000004   Code   RO        10898    i.USB_HP_CAN1_TX_IRQHandler  usb_hw.o
    0x0800dd74   0x00000048   Code   RO        10980    i.USB_Istr          usb_istr.o
    0x0800ddbc   0x00000014   Code   RO         5703    i.USB_LP_CAN1_RX0_IRQHandler  stm32f10x_it.o
    0x0800ddd0   0x00000002   Code   RO        10899    i.USB_NotConfigured_LED  usb_hw.o
    0x0800ddd2   0x00000002   PAD
    0x0800ddd4   0x00000020   Code   RO        12245    i.USB_SIL_Init      usb_sil.o
    0x0800ddf4   0x00000024   Code   RO        12246    i.USB_SIL_Read      usb_sil.o
    0x0800de18   0x00000026   Code   RO        12247    i.USB_SIL_Write     usb_sil.o
    0x0800de3e   0x000000c0   Code   RO         4608    i.UartIRQ           bsp_uart_fifo.o
    0x0800defe   0x00000002   PAD
    0x0800df00   0x000000a8   Code   RO         4609    i.UartVarInit       bsp_uart_fifo.o
    0x0800dfa8   0x00000002   Code   RO         5704    i.UsageFault_Handler  stm32f10x_it.o
    0x0800dfaa   0x00000002   PAD
    0x0800dfac   0x0000002c   Code   RO        11852    i.UserToPMABufferCopy  usb_mem.o
    0x0800dfd8   0x00000114   Code   RO         1157    i.ViewDir           mp3_player.o
    0x0800e0ec   0x00000024   Code   RO        12309    i.Wait376Interrupt  file_sys.o
    0x0800e110   0x000000d8   Code   RO        10675    i.Write_Memory      memory.o
    0x0800e1e8   0x00000084   Code   RO         3913    i._LCD_ReadHZDot    bsp_tft_lcd.o
    0x0800e26c   0x00000020   Code   RO        12829    i.__0printf         mc_w.l(printfa.o)
    0x0800e28c   0x00000028   Code   RO        12831    i.__0sprintf        mc_w.l(printfa.o)
    0x0800e2b4   0x0000000e   Code   RO        12956    i.__scatterload_copy  mc_w.l(handlers.o)
    0x0800e2c2   0x00000002   Code   RO        12957    i.__scatterload_null  mc_w.l(handlers.o)
    0x0800e2c4   0x0000000e   Code   RO        12958    i.__scatterload_zeroinit  mc_w.l(handlers.o)
    0x0800e2d2   0x00000002   PAD
    0x0800e2d4   0x00000184   Code   RO        12836    i._fp_digits        mc_w.l(printfa.o)
    0x0800e458   0x000006dc   Code   RO        12837    i._printf_core      mc_w.l(printfa.o)
    0x0800eb34   0x00000024   Code   RO        12838    i._printf_post_padding  mc_w.l(printfa.o)
    0x0800eb58   0x0000002e   Code   RO        12839    i._printf_pre_padding  mc_w.l(printfa.o)
    0x0800eb86   0x0000000a   Code   RO        12841    i._sputc            mc_w.l(printfa.o)
    0x0800eb90   0x00000024   Code   RO         4188    i.bsp_CheckTimer    bsp_timer.o
    0x0800ebb4   0x00000010   Code   RO         6389    i.bsp_ClearMsg      bsp_msg.o
    0x0800ebc4   0x0000002a   Code   RO         4128    i.bsp_ConfigGpioOut  bsp_tim_pwm.o
    0x0800ebee   0x00000002   PAD
    0x0800ebf0   0x0000005c   Code   RO         4129    i.bsp_ConfigTimGpio  bsp_tim_pwm.o
    0x0800ec4c   0x00000030   Code   RO         4189    i.bsp_DelayMS       bsp_timer.o
    0x0800ec7c   0x00000040   Code   RO         4190    i.bsp_DelayUS       bsp_timer.o
    0x0800ecbc   0x000000ac   Code   RO         2287    i.bsp_DetectKey     bsp_key.o
    0x0800ed68   0x00000024   Code   RO         2288    i.bsp_GetKey        bsp_key.o
    0x0800ed8c   0x00000024   Code   RO         2289    i.bsp_GetKey2       bsp_key.o
    0x0800edb0   0x00000068   Code   RO         4130    i.bsp_GetRCCofGPIO  bsp_tim_pwm.o
    0x0800ee18   0x000000cc   Code   RO         4131    i.bsp_GetRCCofTIM   bsp_tim_pwm.o
    0x0800eee4   0x00000018   Code   RO         4191    i.bsp_GetRunTime    bsp_timer.o
    0x0800eefc   0x00000024   Code   RO         5657    i.bsp_Idle          bsp.o
    0x0800ef20   0x0000004a   Code   RO         5658    i.bsp_Init          bsp.o
    0x0800ef6a   0x00000018   Code   RO         1781    i.bsp_InitBH1750    bsp_bh1750.o
    0x0800ef82   0x00000002   PAD
    0x0800ef84   0x00000068   Code   RO         5882    i.bsp_InitBMP180    bsp_bmp180.o
    0x0800efec   0x0000002c   Code   RO         1973    i.bsp_InitDHT11     bsp_dht11.o
    0x0800f018   0x0000002c   Code   RO         2004    i.bsp_InitDS18B20   bsp_ds18b20.o
    0x0800f044   0x000000f8   Code   RO         2084    i.bsp_InitExtSRAM   bsp_fsmc_sram.o
    0x0800f13c   0x00000068   Code   RO         4192    i.bsp_InitHardTimer  bsp_timer.o
    0x0800f1a4   0x00000040   Code   RO         2204    i.bsp_InitI2C       bsp_i2c_gpio.o
    0x0800f1e4   0x0000000e   Code   RO         2291    i.bsp_InitKey       bsp_key.o
    0x0800f1f2   0x00000002   PAD
    0x0800f1f4   0x0000009c   Code   RO         2292    i.bsp_InitKeyHard   bsp_key.o
    0x0800f290   0x000000a8   Code   RO         2293    i.bsp_InitKeyVar    bsp_key.o
    0x0800f338   0x00000070   Code   RO         2405    i.bsp_InitLed       bsp_led.o
    0x0800f3a8   0x0000002e   Code   RO         2508    i.bsp_InitMPU6050   bsp_mpu6050.o
    0x0800f3d6   0x00000004   Code   RO         6392    i.bsp_InitMsg       bsp_msg.o
    0x0800f3da   0x00000002   PAD
    0x0800f3dc   0x00000104   Code   RO         2795    i.bsp_InitNorFlash  bsp_nor_flash.o
    0x0800f4e0   0x00000054   Code   RO         3023    i.bsp_InitPS2       bsp_ps2.o
    0x0800f534   0x0000005c   Code   RO         3139    i.bsp_InitRA8875Flash  bsp_ra8875_flash.o
    0x0800f590   0x000000b2   Code   RO         6343    i.bsp_InitRTC       bsp_cpu_rtc.o
    0x0800f642   0x00000002   PAD
    0x0800f644   0x0000008c   Code   RO         3775    i.bsp_InitSFlash    bsp_spi_flash.o
    0x0800f6d0   0x0000007c   Code   RO         3704    i.bsp_InitSPIBus    bsp_spi_bus.o
    0x0800f74c   0x00000060   Code   RO         4193    i.bsp_InitTimer     bsp_timer.o
    0x0800f7ac   0x0000005e   Code   RO         4610    i.bsp_InitUart      bsp_uart_fifo.o
    0x0800f80a   0x00000014   Code   RO         2294    i.bsp_KeyScan       bsp_key.o
    0x0800f81e   0x00000002   PAD
    0x0800f820   0x00000030   Code   RO         2407    i.bsp_LedOff        bsp_led.o
    0x0800f850   0x00000030   Code   RO         2408    i.bsp_LedOn         bsp_led.o
    0x0800f880   0x0000001c   Code   RO         2295    i.bsp_PutKey        bsp_key.o
    0x0800f89c   0x00000030   Code   RO         6393    i.bsp_PutMsg        bsp_msg.o
    0x0800f8cc   0x0000000e   Code   RO         5659    i.bsp_RunPer10ms    bsp.o
    0x0800f8da   0x0000000e   Code   RO         5660    i.bsp_RunPer1ms     bsp.o
    0x0800f8e8   0x00000024   Code   RO         3705    i.bsp_SPI_Init      bsp_spi_bus.o
    0x0800f90c   0x00000184   Code   RO         4132    i.bsp_SetTIMOutPWM  bsp_tim_pwm.o
    0x0800fa90   0x00000184   Code   RO         4133    i.bsp_SetTIMOutPWM_N  bsp_tim_pwm.o
    0x0800fc14   0x000001a8   Code   RO         4134    i.bsp_SetTIMforInt  bsp_tim_pwm.o
    0x0800fdbc   0x0000000c   Code   RO         3706    i.bsp_SpiBusBusy    bsp_spi_bus.o
    0x0800fdc8   0x0000000c   Code   RO         3707    i.bsp_SpiBusEnter   bsp_spi_bus.o
    0x0800fdd4   0x0000000c   Code   RO         3708    i.bsp_SpiBusExit    bsp_spi_bus.o
    0x0800fde0   0x00000080   Code   RO         4194    i.bsp_StartAutoTimer  bsp_timer.o
    0x0800fe60   0x000000a0   Code   RO         4195    i.bsp_StartHardTimer  bsp_timer.o
    0x0800ff00   0x0000007c   Code   RO         4197    i.bsp_StopTimer     bsp_timer.o
    0x0800ff7c   0x0000006c   Code   RO         2085    i.bsp_TestExtSRAM   bsp_fsmc_sram.o
    0x0800ffe8   0x00000034   Code   RO         3709    i.bsp_spiRead0      bsp_spi_bus.o
    0x0801001c   0x00000034   Code   RO         3710    i.bsp_spiRead1      bsp_spi_bus.o
    0x08010050   0x00000034   Code   RO         3711    i.bsp_spiWrite0     bsp_spi_bus.o
    0x08010084   0x00000034   Code   RO         3712    i.bsp_spiWrite1     bsp_spi_bus.o
    0x080100b8   0x00000070   Code   RO         1669    i.can_ISR           can_network.o
    0x08010128   0x0000002c   Code   RO        12503    i.ch376_SetCS       spi_sw.o
    0x08010154   0x0000005c   Code   RO        11337    i.check_fs          ff.o
    0x080101b0   0x00000010   Code   RO        11338    i.chk_chr           ff.o
    0x080101c0   0x00000064   Code   RO        11339    i.chk_lock          ff.o
    0x08010224   0x00000024   Code   RO        11340    i.clear_lock        ff.o
    0x08010248   0x00000018   Code   RO        11341    i.clust2sect        ff.o
    0x08010260   0x0000007a   Code   RO         4614    i.comSendBuf        bsp_uart_fifo.o
    0x080102da   0x0000000c   Code   RO         4615    i.comSendChar       bsp_uart_fifo.o
    0x080102e6   0x0000009e   Code   RO        11342    i.create_chain      ff.o
    0x08010384   0x00000244   Code   RO        11343    i.create_name       ff.o
    0x080105c8   0x0000003c   Code   RO        11344    i.dec_lock          ff.o
    0x08010604   0x00000138   Code   RO        11345    i.dir_find          ff.o
    0x0801073c   0x000000e6   Code   RO        11346    i.dir_next          ff.o
    0x08010822   0x00000002   PAD
    0x08010824   0x000000f8   Code   RO        11347    i.dir_read          ff.o
    0x0801091c   0x000001a8   Code   RO        11348    i.dir_register      ff.o
    0x08010ac4   0x0000007e   Code   RO        11350    i.dir_sdi           ff.o
    0x08010b42   0x00000022   Code   RO        11289    i.disk_initialize   diskio.o
    0x08010b64   0x0000005c   Code   RO        11290    i.disk_ioctl        diskio.o
    0x08010bc0   0x00000074   Code   RO        11291    i.disk_read         diskio.o
    0x08010c34   0x00000014   Code   RO        11292    i.disk_status       diskio.o
    0x08010c48   0x000000c4   Code   RO        11293    i.disk_write        diskio.o
    0x08010d0c   0x00000048   Code   RO        10263    i.dm9k_ReadID       dm9k_uip.o
    0x08010d54   0x00000078   Code   RO         2053    i.ee_ReadBytes      bsp_eeprom_24xx.o
    0x08010dcc   0x00000080   Code   RO         2054    i.ee_WriteBytes     bsp_eeprom_24xx.o
    0x08010e4c   0x00000026   Code   RO        11352    i.f_close           ff.o
    0x08010e72   0x00000020   Code   RO        11353    i.f_closedir        ff.o
    0x08010e92   0x0000012e   Code   RO        11355    i.f_lseek           ff.o
    0x08010fc0   0x00000058   Code   RO        11357    i.f_mount           ff.o
    0x08011018   0x00000194   Code   RO        11358    i.f_open            ff.o
    0x080111ac   0x00000088   Code   RO        11359    i.f_opendir         ff.o
    0x08011234   0x0000014a   Code   RO        11360    i.f_read            ff.o
    0x0801137e   0x0000005a   Code   RO        11361    i.f_readdir         ff.o
    0x080113d8   0x00000098   Code   RO        11364    i.f_sync            ff.o
    0x08011470   0x0000017e   Code   RO        11368    i.f_write           ff.o
    0x080115ee   0x00000002   PAD
    0x080115f0   0x0000004c   Code   RO        11618    i.ff_convert        cc936.o
    0x0801163c   0x00000024   Code   RO        11619    i.ff_wtoupper       cc936.o
    0x08011660   0x00000240   Code   RO        11369    i.find_volume       ff.o
    0x080118a0   0x00000066   Code   RO        11370    i.follow_path       ff.o
    0x08011906   0x00000010   Code   RO         4618    i.fputc             bsp_uart_fifo.o
    0x08011916   0x00000002   PAD
    0x08011918   0x0000008c   Code   RO        11371    i.gen_numname       ff.o
    0x080119a4   0x000000b6   Code   RO        11372    i.get_fat           ff.o
    0x08011a5a   0x00000002   PAD
    0x08011a5c   0x00000034   Code   RO        11294    i.get_fattime       diskio.o
    0x08011a90   0x000000c4   Code   RO        11373    i.get_fileinfo      ff.o
    0x08011b54   0x0000003c   Code   RO        11374    i.get_ldnumber      ff.o
    0x08011b90   0x00000028   Code   RO         2205    i.i2c_Ack           bsp_i2c_gpio.o
    0x08011bb8   0x00000034   Code   RO         2206    i.i2c_CheckDevice   bsp_i2c_gpio.o
    0x08011bec   0x0000000c   Code   RO         2207    i.i2c_Delay         bsp_i2c_gpio.o
    0x08011bf8   0x00000024   Code   RO         2208    i.i2c_NAck          bsp_i2c_gpio.o
    0x08011c1c   0x00000048   Code   RO         2209    i.i2c_ReadByte      bsp_i2c_gpio.o
    0x08011c64   0x00000050   Code   RO         2210    i.i2c_SendByte      bsp_i2c_gpio.o
    0x08011cb4   0x00000028   Code   RO         2211    i.i2c_Start         bsp_i2c_gpio.o
    0x08011cdc   0x00000024   Code   RO         2212    i.i2c_Stop          bsp_i2c_gpio.o
    0x08011d00   0x00000038   Code   RO         2213    i.i2c_WaitAck       bsp_i2c_gpio.o
    0x08011d38   0x00000098   Code   RO        11375    i.inc_lock          ff.o
    0x08011dd0   0x00000010   Code   RO        10278    i.ior               dm9k_uip.o
    0x08011de0   0x00000012   Code   RO        11376    i.ld_clust          ff.o
    0x08011df2   0x0000000c   Code   RO        12504    i.mDelay0_5uS       spi_sw.o
    0x08011dfe   0x00000012   Code   RO        12482    i.mDelayuS          hal_base.o
    0x08011e10   0x0000004c   Code   RO        12505    i.mInitCH376Host    spi_sw.o
    0x08011e5c   0x00000068   Code   RO          662    i.main              main.o
    0x08011ec4   0x00000012   Code   RO        11377    i.mem_cpy           ff.o
    0x08011ed6   0x0000000e   Code   RO        11378    i.mem_set           ff.o
    0x08011ee4   0x0000002e   Code   RO        11379    i.move_window       ff.o
    0x08011f12   0x00000002   PAD
    0x08011f14   0x000000fa   Code   RO        11380    i.put_fat           ff.o
    0x0801200e   0x00000002   PAD
    0x08012010   0x0000006c   Code   RO          373    i.radio_AM_FreqList  fm_radio.o
    0x0801207c   0x00000038   Code   RO          374    i.radio_AdjustVolume  fm_radio.o
    0x080120b4   0x000000e8   Code   RO          375    i.radio_DispStatus  fm_radio.o
    0x0801219c   0x0000004c   Code   RO          376    i.radio_FM_FreqList  fm_radio.o
    0x080121e8   0x00000034   Code   RO          377    i.radio_SaveParam   fm_radio.o
    0x0801221c   0x00000120   Code   RO          378    i.radio_SignalQuality  fm_radio.o
    0x0801233c   0x00000062   Code   RO        11381    i.remove_chain      ff.o
    0x0801239e   0x00000030   Code   RO         3783    i.sf_ReadID         bsp_spi_flash.o
    0x080123ce   0x00000002   PAD
    0x080123d0   0x000000a4   Code   RO         3784    i.sf_ReadInfo       bsp_spi_flash.o
    0x08012474   0x0000002c   Code   RO         3785    i.sf_SetCS          bsp_spi_flash.o
    0x080124a0   0x00000022   Code   RO         3786    i.sf_WaitForWriteEnd  bsp_spi_flash.o
    0x080124c2   0x00000010   Code   RO        11382    i.st_clust          ff.o
    0x080124d2   0x0000001a   Code   RO        11383    i.sum_sfn           ff.o
    0x080124ec   0x000000b0   Code   RO        11384    i.sync_fs           ff.o
    0x0801259c   0x00000050   Code   RO        11385    i.sync_window       ff.o
    0x080125ec   0x00000026   Code   RO        11386    i.validate          ff.o
    0x08012612   0x00000002   PAD
    0x08012614   0x00000070   Code   RO         4867    i.vs1053_Init       bsp_vs1053b.o
    0x08012684   0x0000000e   Code   RO         4869    i.vs1053_ReadChipID  bsp_vs1053b.o
    0x08012692   0x00000038   Code   RO         4870    i.vs1053_ReadReg    bsp_vs1053b.o
    0x080126ca   0x00000002   PAD
    0x080126cc   0x00000014   Code   RO         4871    i.vs1053_ReqNewData  bsp_vs1053b.o
    0x080126e0   0x00000068   Code   RO         4872    i.vs1053_SetBASS    bsp_vs1053b.o
    0x08012748   0x00000030   Code   RO         4873    i.vs1053_SetCS      bsp_vs1053b.o
    0x08012778   0x00000030   Code   RO         4874    i.vs1053_SetDS      bsp_vs1053b.o
    0x080127a8   0x0000001e   Code   RO         4875    i.vs1053_SetVolume  bsp_vs1053b.o
    0x080127c6   0x00000056   Code   RO         4876    i.vs1053_SoftReset  bsp_vs1053b.o
    0x0801281c   0x00000028   Code   RO         4879    i.vs1053_WaitTimeOut  bsp_vs1053b.o
    0x08012844   0x00000036   Code   RO         4880    i.vs1053_WriteCmd   bsp_vs1053b.o
    0x0801287a   0x0000001a   Code   RO         4881    i.vs1053_WriteData  bsp_vs1053b.o
    0x08012894   0x00000030   Code   RO         3145    i.w25_ReadID        bsp_ra8875_flash.o
    0x080128c4   0x0000004c   Code   RO         3146    i.w25_ReadInfo      bsp_ra8875_flash.o
    0x08012910   0x00000028   Code   RO         3148    i.w25_SetCS         bsp_ra8875_flash.o
    0x08012938   0x000001f0   Code   RO         4994    i.wm8978_CfgAudioPath  bsp_wm8978.o
    0x08012b28   0x0000000e   Code   RO         4995    i.wm8978_CtrlGPIO1  bsp_wm8978.o
    0x08012b36   0x0000001e   Code   RO         4996    i.wm8978_Init       bsp_wm8978.o
    0x08012b54   0x00000070   Code   RO         4998    i.wm8978_OutMute    bsp_wm8978.o
    0x08012bc4   0x00000038   Code   RO         5002    i.wm8978_Reset      bsp_wm8978.o
    0x08012bfc   0x00000020   Code   RO         5003    i.wm8978_SetEarVolume  bsp_wm8978.o
    0x08012c1c   0x00000038   Code   RO         5004    i.wm8978_SetLineGain  bsp_wm8978.o
    0x08012c54   0x00000020   Code   RO         5006    i.wm8978_SetSpkVolume  bsp_wm8978.o
    0x08012c74   0x00000054   Code   RO         5007    i.wm8978_WriteReg   bsp_wm8978.o
    0x08012cc8   0x00000006   Code   RO        12506    i.xEndCH376Cmd      spi_sw.o
    0x08012cce   0x00000004   Code   RO        12507    i.xReadCH376Data    spi_sw.o
    0x08012cd2   0x00000002   PAD
    0x08012cd4   0x00000030   Code   RO        12508    i.xWriteCH376Cmd    spi_sw.o
    0x08012d04   0x00000004   Code   RO        12509    i.xWriteCH376Data   spi_sw.o
    0x08012d08   0x00000040   Data   RO          379    .constdata          fm_radio.o
    0x08012d48   0x00000088   Data   RO          761    .constdata          main_menu.o
    0x08012dd0   0x00000380   Data   RO         1069    .constdata          touch_test.o
    0x08013150   0x00000030   Data   RO         4199    .constdata          bsp_timer.o
    0x08013180   0x000004ba   Data   RO         4882    .constdata          bsp_vs1053b.o
    0x0801363a   0x00000002   PAD
    0x0801363c   0x00000074   Data   RO         5008    .constdata          bsp_wm8978.o
    0x080136b0   0x0000000c   Data   RO         6344    .constdata          bsp_cpu_rtc.o
    0x080136bc   0x000005f4   Data   RO         9667    .constdata          asc12.o
    0x08013cb0   0x00001000   Data   RO         9674    .constdata          asc16.o
    0x08014cb0   0x00000060   Data   RO         9734    .constdata          ra8875_asc_width.o
    0x08014d10   0x00000060   Data   RO         9735    .constdata          ra8875_asc_width.o
    0x08014d70   0x00000060   Data   RO         9736    .constdata          ra8875_asc_width.o
    0x08014dd0   0x00002437   Data   RO         9757    .constdata          chujiao.o
    0x08017207   0x00002437   Data   RO         9785    .constdata          lcd.o
    0x0801963e   0x00002437   Data   RO         9799    .constdata          radio.o
    0x0801ba75   0x00002437   Data   RO         9820    .constdata          mp3.o
    0x0801deac   0x00000012   Data   RO        10833    .constdata          usb_desc.o
    0x0801debe   0x00000020   Data   RO        10834    .constdata          usb_desc.o
    0x0801dede   0x00000004   Data   RO        10835    .constdata          usb_desc.o
    0x0801dee2   0x00000026   Data   RO        10836    .constdata          usb_desc.o
    0x0801df08   0x00000026   Data   RO        10837    .constdata          usb_desc.o
    0x0801df2e   0x00000010   Data   RO        10838    .constdata          usb_desc.o
    0x0801df3e   0x0000000d   Data   RO        11388    .constdata          ff.o
    0x0801df4b   0x00000001   PAD
    0x0801df4c   0x0002acc8   Data   RO        11620    .constdata          cc936.o
    0x08048c14   0x000002b5   Data   RO         1070    .conststring        touch_test.o
    0x08048ec9   0x00000003   PAD
    0x08048ecc   0x00000112   Data   RO         2589    .conststring        bsp_nand_flash.o
    0x08048fde   0x00000002   PAD
    0x08048fe0   0x00000020   Data   RO        12954    Region$$Table       anon$$obj.o


    Execution Region RW_IRAM1 (Base: 0x20000000, Size: 0x0000bef0, Max: 0x00010000, ABSOLUTE, COMPRESSED[0x000001c4])

    Base Addr    Size         Type   Attr      Idx    E Section Name        Object

    0x20000000   0x00000004   Data   RW          380    .data               fm_radio.o
    0x20000004   0x000002cc   Data   RW          762    .data               main_menu.o
    0x200002d0   0x00000001   Data   RW          805    .data               mems_test.o
    0x200002d1   0x00000003   PAD
    0x200002d4   0x00000024   Data   RW         1071    .data               touch_test.o
    0x200002f8   0x00000004   Data   RW         1159    .data               mp3_player.o
    0x200002fc   0x00000004   Data   RW         1283    .data               form_dac8501.o
    0x20000300   0x00000004   Data   RW         1332    .data               form_dac8562.o
    0x20000304   0x00000002   Data   RW         1782    .data               bsp_bh1750.o
    0x20000306   0x00000070   Data   RW         2116    .data               bsp_gt811.o
    0x20000376   0x00000001   Data   RW         2456    .data               bsp_modbus.o
    0x20000377   0x00000001   PAD
    0x20000378   0x00000002   Data   RW         2590    .data               bsp_nand_flash.o
    0x2000037a   0x00000002   PAD
    0x2000037c   0x00000008   Data   RW         3027    .data               bsp_ps2.o
    0x20000384   0x00000002   Data   RW         3253    .data               bsp_ra8875_port.o
    0x20000386   0x00000002   PAD
    0x20000388   0x00000018   Data   RW         3497    .data               bsp_sdio_sd.o
    0x200003a0   0x00000001   Data   RW         3713    .data               bsp_spi_bus.o
    0x200003a1   0x00000001   PAD
    0x200003a2   0x00000008   Data   RW         3914    .data               bsp_tft_lcd.o
    0x200003aa   0x00000002   PAD
    0x200003ac   0x0000001c   Data   RW         4200    .data               bsp_timer.o
    0x200003c8   0x00000008   Data   RW         4428    .data               bsp_touch.o
    0x200003d0   0x00000074   Data   RW         5009    .data               bsp_wm8978.o
    0x20000444   0x00000001   Data   RW         5160    .data               lcd_ili9488.o
    0x20000445   0x00000001   PAD
    0x20000446   0x0000000e   Data   RW         5309    .data               lcd_ra8875.o
    0x20000454   0x00000001   Data   RW         5543    .data               lcd_spfd5420.o
    0x20000455   0x00000001   PAD
    0x20000456   0x00000002   Data   RW         5661    .data               bsp.o
    0x20000458   0x00000006   Data   RW         5930    .data               bsp_ir_decode.o
    0x2000045e   0x0000000a   Data   RW         6345    .data               bsp_cpu_rtc.o
    0x20000468   0x00000006   Data   RW         6443    .data               bsp_ts_ft5x06.o
    0x2000046e   0x00000014   Data   RW         8222    .data               stm32f10x_rcc.o
    0x20000482   0x00000002   PAD
    0x20000484   0x00000014   Data   RW         9635    .data               system_stm32f10x.o
    0x20000498   0x00000008   Data   RW        10280    .data               dm9k_uip.o
    0x200004a0   0x00000004   Data   RW        10633    .data               mass_mal.o
    0x200004a4   0x00000018   Data   RW        10634    .data               mass_mal.o
    0x200004bc   0x00000024   Data   RW        10677    .data               memory.o
    0x200004e0   0x00000005   Data   RW        10752    .data               scsi_data.o
    0x200004e5   0x00000024   Data   RW        10753    .data               scsi_data.o
    0x20000509   0x00000024   Data   RW        10754    .data               scsi_data.o
    0x2000052d   0x00000004   Data   RW        10755    .data               scsi_data.o
    0x20000531   0x00000008   Data   RW        10756    .data               scsi_data.o
    0x20000539   0x00000012   Data   RW        10757    .data               scsi_data.o
    0x2000054b   0x00000008   Data   RW        10758    .data               scsi_data.o
    0x20000553   0x0000000c   Data   RW        10759    .data               scsi_data.o
    0x2000055f   0x00000001   PAD
    0x20000560   0x0000000c   Data   RW        10786    .data               usb_bot.o
    0x2000056c   0x0000001a   Data   RW        10839    .data               usb_desc.o
    0x20000586   0x00000002   PAD
    0x20000588   0x0000001c   Data   RW        10982    .data               usb_istr.o
    0x200005a4   0x0000001c   Data   RW        10983    .data               usb_istr.o
    0x200005c0   0x00000002   Data   RW        10984    .data               usb_istr.o
    0x200005c2   0x00000002   Data   RW        11023    .data               usb_prop.o
    0x200005c4   0x00000068   Data   RW        11024    .data               usb_prop.o
    0x2000062c   0x00000004   Data   RW        11129    .data               usb_pwr.o
    0x20000630   0x00000002   Data   RW        11389    .data               ff.o
    0x20000632   0x00000004   Data   RW        11671    .data               usb_core.o
    0x20000636   0x00000001   Data   RW        11781    .data               usb_init.o
    0x20000637   0x00000001   PAD
    0x20000638   0x0000000c   Data   RW        11782    .data               usb_init.o
    0x20000644   0x00000002   Data   RW        11784    .data               usb_init.o
    0x20000646   0x00000004   Data   RW        11815    .data               usb_int.o
    0x2000064a   0x00000002   PAD
    0x2000064c   0x00000004   Data   RW        12915    .data               mc_w.l(stdout.o)
    0x20000650   0x00000010   Zero   RW           10    .bss                audio_rec.o
    0x20000660   0x0000004c   Zero   RW          943    .bss                param.o
    0x200006ac   0x0000003c   Zero   RW         1068    .bss                touch_test.o
    0x200006e8   0x0000000c   Zero   RW         1158    .bss                mp3_player.o
    0x200006f4   0x00000028   Zero   RW         1674    .bss                can_network.o
    0x2000071c   0x0000000c   Zero   RW         1735    .bss                bsp_beep.o
    0x20000728   0x00000022   Zero   RW         2115    .bss                bsp_gt811.o
    0x2000074a   0x0000001c   Zero   RW         2164    .bss                bsp_hmc5883l.o
    0x20000766   0x00000002   PAD
    0x20000768   0x000000ad   Zero   RW         2297    .bss                bsp_key.o
    0x20000815   0x00000003   PAD
    0x20000818   0x00000190   Zero   RW         2455    .bss                bsp_modbus.o
    0x200009a8   0x0000000e   Zero   RW         2509    .bss                bsp_mpu6050.o
    0x200009b6   0x00001040   Zero   RW         2588    .bss                bsp_nand_flash.o
    0x200019f6   0x00000002   PAD
    0x200019f8   0x00000044   Zero   RW         3024    .bss                bsp_ps2.o
    0x20001a3c   0x0000000c   Zero   RW         3152    .bss                bsp_ra8875_flash.o
    0x20001a48   0x000000cc   Zero   RW         3496    .bss                bsp_sdio_sd.o
    0x20001b14   0x0000001c   Zero   RW         3789    .bss                bsp_spi_flash.o
    0x20001b30   0x00000030   Zero   RW         4198    .bss                bsp_timer.o
    0x20001b60   0x000000b8   Zero   RW         4427    .bss                bsp_touch.o
    0x20001c18   0x00001878   Zero   RW         4619    .bss                bsp_uart_fifo.o
    0x20003490   0x00000020   Zero   RW         5883    .bss                bsp_bmp180.o
    0x200034b0   0x0000000c   Zero   RW         5929    .bss                bsp_ir_decode.o
    0x200034bc   0x00000010   Zero   RW         6225    .bss                bsp_step_moto.o
    0x200034cc   0x00000144   Zero   RW         6394    .bss                bsp_msg.o
    0x20003610   0x00000022   Zero   RW         6442    .bss                bsp_ts_ft5x06.o
    0x20003632   0x00000002   PAD
    0x20003634   0x00000800   Zero   RW        10676    .bss                memory.o
    0x20003e34   0x00000070   Zero   RW        10785    .bss                usb_bot.o
    0x20003ea4   0x00000030   Zero   RW        11387    .bss                ff.o
    0x20003ed4   0x0000001c   Zero   RW        11780    .bss                usb_init.o
    0x20003ef0   0x00008000   Zero   RW         6490    STACK               startup_stm32f10x_hd.o


==============================================================================

Image component sizes


      Code (inc. data)   RO Data    RW Data    ZI Data      Debug   Object Name

         0          0       1524          0          0        432   asc12.o
         0          0       4096          0          0        432   asc16.o
       212         10          0          0         16     324437   audio_rec.o
       488         74          0          0          0       5866   bmp_file.o
       138          4          0          2          0       1935   bsp.o
       262         40          0          0         12       2267   bsp_beep.o
       280         14          0          2          0       3947   bsp_bh1750.o
       590         20          0          0         32       4504   bsp_bmp180.o
         0          0          0          0          0       1336   bsp_cpu_flash.o
       752         30         12         10          0       4901   bsp_cpu_rtc.o
       146         12          0          0          0       2689   bsp_dac8501.o
       106          6          0          0          0       2467   bsp_dac8562.o
       308          8          0          0          0       2109   bsp_dht11.o
        44          4          0          0          0        522   bsp_ds18b20.o
       248          0          0          0          0       2107   bsp_eeprom_24xx.o
       356         24          0          0          0       1748   bsp_fsmc_sram.o
       590         48          0        112         34       4587   bsp_gt811.o
       228          4          0          0         28       1525   bsp_hmc5883l.o
       488         46          0          0          0       6210   bsp_i2c_gpio.o
       728         36          0          6         12       4105   bsp_ir_decode.o
       950        162          0          0        173      10124   bsp_key.o
       208         14          0          0          0       1539   bsp_led.o
        68         16          0          1        400       2003   bsp_modbus.o
       290          4          0          0         14       2866   bsp_mpu6050.o
        68          8          0          0        324       1891   bsp_msg.o
      3456       1064        274          2       4160      23433   bsp_nand_flash.o
       324         26          0          0          0       1384   bsp_nor_flash.o
      2138        374          0          8         68      14531   bsp_ps2.o
       256         30          0          0         12       4118   bsp_ra8875_flash.o
       832         88          0          2          0       7840   bsp_ra8875_port.o
      4312        258          0         24        204      31561   bsp_sdio_sd.o
      1052          6          0          0          0      11200   bsp_si4730.o
       404         50          0          1          0       5643   bsp_spi_bus.o
       430         88          0          0         28       4415   bsp_spi_flash.o
       244         36          0          0         16       3316   bsp_step_moto.o
      2608        238          0          8          0      23039   bsp_tft_lcd.o
      1642        184          0          0          0       7388   bsp_tim_pwm.o
      1056        214         48         28         48      31703   bsp_timer.o
      2088        148          0          8        184      16845   bsp_touch.o
       504         36          0          6         34       5586   bsp_ts_ft5x06.o
       190         18          0          0          0       2822   bsp_tsc2046.o
      1212         98          0          0       6264       9976   bsp_uart_fifo.o
       726         40       1210          0          0       8503   bsp_vs1053b.o
       912         24        116        116          0       7026   bsp_wm8978.o
       112         10          0          0         40        978   can_network.o
       112         16     175304          0          0       2575   cc936.o
         0          0       9271          0          0        440   chujiao.o
       510         78          0          0          0       4808   diskio.o
       278         28          0          8          0       3364   dm9k_uip.o
      6548         94         13          2         48      38489   ff.o
       452          4          0          0          0      19330   file_sys.o
      3744        640         64          4          0       9050   fm_radio.o
       124         10          0          4          0       4173   form_dac8501.o
       124         10          0          4          0       4177   form_dac8562.o
        18          0          0          0          0        807   hal_base.o
      1348        864          0          0          0       1201   hard_test.o
         0          0       9271          0          0        424   lcd.o
      1298         46          0          1          0      13214   lcd_ili9488.o
      2514        166          0         14          0      19947   lcd_ra8875.o
      2232         74          0          1          0      12530   lcd_spfd5420.o
       508        328          0          0          0       1539   main.o
      1192        110        136        716          0       4963   main_menu.o
       696        278          0         28          0       3527   mass_mal.o
       408         48          0         36       2048       7134   memory.o
      1324        326          0          1          0       5551   mems_test.o
       120         16          0          0          0       1651   misc.o
         0          0       9271          0          0        424   mp3.o
      2280        590          0          4         12       7245   mp3_player.o
       148         12          0          0         76       2555   param.o
         0          0        288          0          0        694   ra8875_asc_width.o
         0          0          0          0          0       2568   ra8875_flash.o
         0          0       9271          0          0        430   radio.o
         0          0          0        127          0       1062   scsi_data.o
       270         18          0          0          0       5198   spi_sw.o
        36          8        304          0      32768        896   startup_stm32f10x_hd.o
        50          8          0          0          0       2848   stm32f10x_bkp.o
       144          0          0          0          0       1802   stm32f10x_can.o
       120          8          0          0          0       4144   stm32f10x_dma.o
       168         20          0          0          0       2917   stm32f10x_exti.o
       392         10          0          0          0       3440   stm32f10x_fsmc.o
       234          6          0          0          0       5134   stm32f10x_gpio.o
        66         10          0          0          0       4013   stm32f10x_it.o
        12          6          0          0          0        554   stm32f10x_pwr.o
       352         64          0         20          0       8802   stm32f10x_rcc.o
       192         40          0          0          0       5052   stm32f10x_rtc.o
       344         86          0          0          0      11094   stm32f10x_sdio.o
       164          0          0          0          0       5671   stm32f10x_spi.o
      1466        152          0          0          0      20472   stm32f10x_tim.o
       324          6          0          0          0       6481   stm32f10x_usart.o
       248         24          0         20          0       1897   system_stm32f10x.o
      4004       1072       1589         36         60      18612   touch_test.o
       750         66          0         12        112       5161   usb_bot.o
      2186        284          0          4          0      15459   usb_core.o
         0          0        146         26          0        964   usb_desc.o
         8          0          0          0          0        877   usb_endp.o
       142         12          0          0          0       4211   usb_hw.o
         0          0          0         15         28       3715   usb_init.o
       476         54          0          4          0       2393   usb_int.o
        72         18          0         58          0       1440   usb_istr.o
        76         12          0          0          0       1904   usb_mem.o
       510         98          0        106          0       9746   usb_prop.o
        44          8          0          4          0       2075   usb_pwr.o
       546         96          0          0          0       9614   usb_regs.o
       880        128          0          0          0      10209   usb_scsi.o
       106          8          0          0          0       2274   usb_sil.o

    ----------------------------------------------------------------------
     72508       9674     222248       1612      47264     970797   Object Totals
         0          0         32          0          0          0   (incl. Generated)
       102          0          8         21          9          0   (incl. Padding)

    ----------------------------------------------------------------------

      Code (inc. data)   RO Data    RW Data    ZI Data      Debug   Library Member Name

        86          0          0          0          0          0   __dczerorl2.o
         0          0          0          0          0          0   entry.o
         0          0          0          0          0          0   entry10a.o
         0          0          0          0          0          0   entry11a.o
         8          4          0          0          0          0   entry2.o
         4          0          0          0          0          0   entry5.o
         0          0          0          0          0          0   entry7b.o
         0          0          0          0          0          0   entry8b.o
         8          4          0          0          0          0   entry9a.o
        30          0          0          0          0          0   handlers.o
        36          8          0          0          0         68   init.o
         0          0          0          0          0          0   iusefp.o
        30          0          0          0          0         68   llshl.o
        36          0          0          0          0         68   llsshr.o
        32          0          0          0          0         68   llushr.o
        26          0          0          0          0         80   memcmp.o
        36          0          0          0          0         68   memcpya.o
        36          0          0          0          0        108   memseta.o
      2308         96          0          0          0        604   printfa.o
         0          0          0          4          0          0   stdout.o
        28          0          0          0          0         76   strcmp.o
        18          0          0          0          0         68   strcpy.o
        14          0          0          0          0         68   strlen.o
        44          0          0          0          0         80   uidiv.o
        98          0          0          0          0         92   uldiv.o
        48          0          0          0          0         68   cdrcmple.o
       334          0          0          0          0        148   dadd.o
       222          0          0          0          0        100   ddiv.o
       186          0          0          0          0        176   depilogue.o
        48          0          0          0          0         68   dfixul.o
       228          0          0          0          0         96   dmul.o
        38          0          0          0          0         68   f2d.o
       124          0          0          0          0         88   fdiv.o
       110          0          0          0          0        168   fepilogue.o
        10          0          0          0          0         68   ffltui.o
        24          0          0          0          0         68   fscalb.o

    ----------------------------------------------------------------------
      4252        112          0          4          0       2632   Library Totals
         2          0          0          0          0          0   (incl. Padding)

    ----------------------------------------------------------------------

      Code (inc. data)   RO Data    RW Data    ZI Data      Debug   Library Name

      2878        112          0          4          0       1516   mc_w.l
      1372          0          0          0          0       1116   mf_w.l

    ----------------------------------------------------------------------
      4252        112          0          4          0       2632   Library Totals

    ----------------------------------------------------------------------

==============================================================================


      Code (inc. data)   RO Data    RW Data    ZI Data      Debug   

     76760       9786     222248       1616      47264     935649   Grand Totals
     76760       9786     222248        452      47264     935649   ELF Image Totals (compressed)
     76760       9786     222248        452          0          0   ROM Totals

==============================================================================

    Total RO  Size (Code + RO Data)               299008 ( 292.00kB)
    Total RW  Size (RW Data + ZI Data)             48880 (  47.73kB)
    Total ROM Size (Code + RO Data + RW Data)     299460 ( 292.44kB)

==============================================================================

